Archive member included to satisfy reference by file (symbol)

m:/oprogramowanie/mcuxpressoide_11.6.1_8255/ide/plugins/com.nxp.mcuxpresso.tools.win32_11.6.1.202207200623/tools/bin/../lib/gcc/arm-none-eabi/10.3.1/../../../../arm-none-eabi/lib/thumb/v8-m.main+fp/hard\libcr_nohost_nf.a(_cr__main.o)
                              ./startup/startup_lpc55s69_cm33_core0.o (__main)
m:/oprogramowanie/mcuxpressoide_11.6.1_8255/ide/plugins/com.nxp.mcuxpresso.tools.win32_11.6.1.202207200623/tools/bin/../lib/gcc/arm-none-eabi/10.3.1/../../../../arm-none-eabi/lib/thumb/v8-m.main+fp/hard\libcr_c.a(memcpy.o)
                              ./utilities/fsl_str.o (memcpy)
m:/oprogramowanie/mcuxpressoide_11.6.1_8255/ide/plugins/com.nxp.mcuxpresso.tools.win32_11.6.1.202207200623/tools/bin/../lib/gcc/arm-none-eabi/10.3.1/../../../../arm-none-eabi/lib/thumb/v8-m.main+fp/hard\libcr_c.a(memset.o)
                              ./utilities/fsl_debug_console.o (memset)
m:/oprogramowanie/mcuxpressoide_11.6.1_8255/ide/plugins/com.nxp.mcuxpresso.tools.win32_11.6.1.202207200623/tools/bin/../lib/gcc/arm-none-eabi/10.3.1/../../../../arm-none-eabi/lib/thumb/v8-m.main+fp/hard\libcr_c.a(alloc.o)
                              ./source/cJSON.o (malloc)
m:/oprogramowanie/mcuxpressoide_11.6.1_8255/ide/plugins/com.nxp.mcuxpresso.tools.win32_11.6.1.202207200623/tools/bin/../lib/gcc/arm-none-eabi/10.3.1/../../../../arm-none-eabi/lib/thumb/v8-m.main+fp/hard\libcr_c.a(ctype.o)
                              ./source/cJSON.o (tolower)
m:/oprogramowanie/mcuxpressoide_11.6.1_8255/ide/plugins/com.nxp.mcuxpresso.tools.win32_11.6.1.202207200623/tools/bin/../lib/gcc/arm-none-eabi/10.3.1/../../../../arm-none-eabi/lib/thumb/v8-m.main+fp/hard\libcr_c.a(errno.o)
                              ./utilities/fsl_str.o (errno)
m:/oprogramowanie/mcuxpressoide_11.6.1_8255/ide/plugins/com.nxp.mcuxpresso.tools.win32_11.6.1.202207200623/tools/bin/../lib/gcc/arm-none-eabi/10.3.1/../../../../arm-none-eabi/lib/thumb/v8-m.main+fp/hard\libcr_c.a(fpprintf.o)
                              ./source/cJSON.o (sprintf)
m:/oprogramowanie/mcuxpressoide_11.6.1_8255/ide/plugins/com.nxp.mcuxpresso.tools.win32_11.6.1.202207200623/tools/bin/../lib/gcc/arm-none-eabi/10.3.1/../../../../arm-none-eabi/lib/thumb/v8-m.main+fp/hard\libcr_c.a(initio.o)
                              m:/oprogramowanie/mcuxpressoide_11.6.1_8255/ide/plugins/com.nxp.mcuxpresso.tools.win32_11.6.1.202207200623/tools/bin/../lib/gcc/arm-none-eabi/10.3.1/../../../../arm-none-eabi/lib/thumb/v8-m.main+fp/hard\libcr_nohost_nf.a(_cr__main.o) (_initio)
m:/oprogramowanie/mcuxpressoide_11.6.1_8255/ide/plugins/com.nxp.mcuxpresso.tools.win32_11.6.1.202207200623/tools/bin/../lib/gcc/arm-none-eabi/10.3.1/../../../../arm-none-eabi/lib/thumb/v8-m.main+fp/hard\libcr_c.a(modf.o)
                              ./utilities/fsl_str.o (modf)
m:/oprogramowanie/mcuxpressoide_11.6.1_8255/ide/plugins/com.nxp.mcuxpresso.tools.win32_11.6.1.202207200623/tools/bin/../lib/gcc/arm-none-eabi/10.3.1/../../../../arm-none-eabi/lib/thumb/v8-m.main+fp/hard\libcr_c.a(pow.o)
                              ./utilities/fsl_str.o (pow)
m:/oprogramowanie/mcuxpressoide_11.6.1_8255/ide/plugins/com.nxp.mcuxpresso.tools.win32_11.6.1.202207200623/tools/bin/../lib/gcc/arm-none-eabi/10.3.1/../../../../arm-none-eabi/lib/thumb/v8-m.main+fp/hard\libcr_c.a(printf.o)
                              m:/oprogramowanie/mcuxpressoide_11.6.1_8255/ide/plugins/com.nxp.mcuxpresso.tools.win32_11.6.1.202207200623/tools/bin/../lib/gcc/arm-none-eabi/10.3.1/../../../../arm-none-eabi/lib/thumb/v8-m.main+fp/hard\libcr_c.a(fpprintf.o) (__vfprintf)
m:/oprogramowanie/mcuxpressoide_11.6.1_8255/ide/plugins/com.nxp.mcuxpresso.tools.win32_11.6.1.202207200623/tools/bin/../lib/gcc/arm-none-eabi/10.3.1/../../../../arm-none-eabi/lib/thumb/v8-m.main+fp/hard\libcr_c.a(scanf.o)
                              ./source/cJSON.o (sscanf)
m:/oprogramowanie/mcuxpressoide_11.6.1_8255/ide/plugins/com.nxp.mcuxpresso.tools.win32_11.6.1.202207200623/tools/bin/../lib/gcc/arm-none-eabi/10.3.1/../../../../arm-none-eabi/lib/thumb/v8-m.main+fp/hard\libcr_c.a(setvbuf.o)
                              m:/oprogramowanie/mcuxpressoide_11.6.1_8255/ide/plugins/com.nxp.mcuxpresso.tools.win32_11.6.1.202207200623/tools/bin/../lib/gcc/arm-none-eabi/10.3.1/../../../../arm-none-eabi/lib/thumb/v8-m.main+fp/hard\libcr_c.a(initio.o) (setvbuf)
m:/oprogramowanie/mcuxpressoide_11.6.1_8255/ide/plugins/com.nxp.mcuxpresso.tools.win32_11.6.1.202207200623/tools/bin/../lib/gcc/arm-none-eabi/10.3.1/../../../../arm-none-eabi/lib/thumb/v8-m.main+fp/hard\libcr_c.a(strcmp.o)
                              ./source/cJSON.o (strcmp)
m:/oprogramowanie/mcuxpressoide_11.6.1_8255/ide/plugins/com.nxp.mcuxpresso.tools.win32_11.6.1.202207200623/tools/bin/../lib/gcc/arm-none-eabi/10.3.1/../../../../arm-none-eabi/lib/thumb/v8-m.main+fp/hard\libcr_c.a(strcpy.o)
                              ./source/cJSON.o (strcpy)
[...]
Memory Configuration

Name             Origin             Length             Attributes
PROGRAM_FLASH    0x00000000         0x0009d800         xr
SRAM             0x20000000         0x00040000         xrw
SRAMX            0x04000000         0x00008000         xrw
USB_RAM          0x40100000         0x00004000         xrw
SRAM4            0x20040000         0x00004000         xrw
*default*        0x00000000         0xffffffff

Linker script and memory map

LOAD ./utilities/fsl_assert.o
LOAD ./utilities/fsl_debug_console.o
LOAD ./utilities/fsl_str.o
LOAD ./startup/boot_multicore_slave.o
LOAD ./startup/startup_lpc55s69_cm33_core0.o
LOAD ./source/bmp280.o
LOAD ./source/cJSON.o
LOAD ./source/platform.o
LOAD ./source/semihost_hardfault.o
LOAD ./source/tofcam.o
LOAD ./source/vl53l5cx_api.o
LOAD ./source/wlan_mwm.o
LOAD ./freertos/freertos_kernel/portable/MemMang/heap_4.o
LOAD ./freertos/freertos_kernel/portable/GCC/ARM_CM33_NTZ/non_secure/port.o
LOAD ./freertos/freertos_kernel/portable/GCC/ARM_CM33_NTZ/non_secure/portasm.o
LOAD ./freertos/freertos_kernel/croutine.o
LOAD ./freertos/freertos_kernel/event_groups.o
LOAD ./freertos/freertos_kernel/list.o
LOAD ./freertos/freertos_kernel/queue.o
LOAD ./freertos/freertos_kernel/stream_buffer.o
LOAD ./freertos/freertos_kernel/tasks.o
LOAD ./freertos/freertos_kernel/timers.o
LOAD ./drivers/freertos/fsl_usart_freertos.o
LOAD ./drivers/fsl_clock.o
LOAD ./drivers/fsl_common.o
LOAD ./drivers/fsl_common_arm.o
LOAD ./drivers/fsl_flexcomm.o
LOAD ./drivers/fsl_gpio.o
LOAD ./drivers/fsl_i2c.o
LOAD ./drivers/fsl_inputmux.o
LOAD ./drivers/fsl_pint.o
LOAD ./drivers/fsl_power.o
LOAD ./drivers/fsl_reset.o
LOAD ./drivers/fsl_spi.o
LOAD ./drivers/fsl_usart.o
LOAD ./device/system_LPC55S69_cm33_core0.o
LOAD ./component/uart/fsl_adapter_usart.o
LOAD ./component/serial_mwm/serial_mwm.o
LOAD ./component/serial_mwm/serial_mwm_usart.o
LOAD ./component/serial_manager/fsl_component_serial_manager.o
LOAD ./component/serial_manager/fsl_component_serial_port_uart.o
LOAD ./component/lists/fsl_component_generic_list.o
LOAD ./board/board.o
LOAD ./board/clock_config.o
LOAD ./board/peripherals.o
LOAD ./board/pin_mux.o
START GROUP
LOAD m:/oprogramowanie/mcuxpressoide_11.6.1_8255/ide/plugins/com.nxp.mcuxpresso.tools.win32_11.6.1.202207200623/tools/bin/../lib/gcc/arm-none-eabi/10.3.1/../../../../arm-none-eabi/lib/thumb/v8-m.main+fp/hard\libcr_nohost_nf.a
LOAD m:/oprogramowanie/mcuxpressoide_11.6.1_8255/ide/plugins/com.nxp.mcuxpresso.tools.win32_11.6.1.202207200623/tools/bin/../lib/gcc/arm-none-eabi/10.3.1/../../../../arm-none-eabi/lib/thumb/v8-m.main+fp/hard\libcr_c.a
LOAD m:/oprogramowanie/mcuxpressoide_11.6.1_8255/ide/plugins/com.nxp.mcuxpresso.tools.win32_11.6.1.202207200623/tools/bin/../lib/gcc/arm-none-eabi/10.3.1/thumb/v8-m.main+fp/hard\libcr_eabihelpers.a
LOAD m:/oprogramowanie/mcuxpressoide_11.6.1_8255/ide/plugins/com.nxp.mcuxpresso.tools.win32_11.6.1.202207200623/tools/bin/../lib/gcc/arm-none-eabi/10.3.1/thumb/v8-m.main+fp/hard\libgcc.a
END GROUP
                0x00000000                __base_PROGRAM_FLASH = 0x0
                0x00000000                __base_Flash = 0x0
                0x0009d800                __top_PROGRAM_FLASH = 0x9d800
                0x0009d800                __top_Flash = 0x9d800
                0x20000000                __base_SRAM = 0x20000000
                0x20000000                __base_RAM = 0x20000000
                0x20040000                __top_SRAM = 0x20040000
                0x20040000                __top_RAM = 0x20040000
                0x04000000                __base_SRAMX = 0x4000000
                0x04000000                __base_RAM2 = 0x4000000
                0x04008000                __top_SRAMX = 0x4008000
                0x04008000                __top_RAM2 = 0x4008000
                0x40100000                __base_USB_RAM = 0x40100000
                0x40100000                __base_RAM3 = 0x40100000
                0x40104000                __top_USB_RAM = 0x40104000
                0x40104000                __top_RAM3 = 0x40104000
                0x20040000                __base_SRAM4 = 0x20040000
                0x20040000                __base_RAM4 = 0x20040000
                0x20044000                __top_SRAM4 = 0x20044000
                0x20044000                __top_RAM4 = 0x20044000

.text           0x00000000    0x25db8
 FILL mask 0xff
                0x00000000                __vectors_start__ = ABSOLUTE (.)
 *(SORT_BY_ALIGNMENT(.isr_vector))
 .isr_vector    0x00000000      0x130 ./startup/startup_lpc55s69_cm33_core0.o
                0x00000000                g_pfnVectors
                0x00000000                __Vectors
                0x00000130                . = ALIGN (0x4)
                0x00000130                __section_table_start = .
                0x00000130                __data_section_table = .
                0x00000130        0x4 LONG 0x25db8 LOADADDR (.data)
                0x00000134        0x4 LONG 0x20000000 ADDR (.data)
                0x00000138        0x4 LONG 0x6c SIZEOF (.data)
                0x0000013c        0x4 LONG 0x25db8 LOADADDR (.data_RAM2)
                0x00000140        0x4 LONG 0x4000000 ADDR (.data_RAM2)
                0x00000144        0x4 LONG 0x0 SIZEOF (.data_RAM2)
                0x00000148        0x4 LONG 0x25db8 LOADADDR (.data_RAM3)
                0x0000014c        0x4 LONG 0x40100000 ADDR (.data_RAM3)
                0x00000150        0x4 LONG 0x0 SIZEOF (.data_RAM3)
                0x00000154        0x4 LONG 0x25db8 LOADADDR (.data_RAM4)
                0x00000158        0x4 LONG 0x20040000 ADDR (.data_RAM4)
                0x0000015c        0x4 LONG 0x0 SIZEOF (.data_RAM4)
                0x00000160                __data_section_table_end = .
                0x00000160                __bss_section_table = .
                0x00000160        0x4 LONG 0x2000006c ADDR (.bss)
                0x00000164        0x4 LONG 0x5620 SIZEOF (.bss)
                0x00000168        0x4 LONG 0x4000000 ADDR (.bss_RAM2)
                0x0000016c        0x4 LONG 0x0 SIZEOF (.bss_RAM2)
                0x00000170        0x4 LONG 0x40100000 ADDR (.bss_RAM3)
                0x00000174        0x4 LONG 0x0 SIZEOF (.bss_RAM3)
                0x00000178        0x4 LONG 0x20040000 ADDR (.bss_RAM4)
                0x0000017c        0x4 LONG 0x0 SIZEOF (.bss_RAM4)
                0x00000180                __bss_section_table_end = .
                0x00000180                __section_table_end = .
 *(SORT_BY_ALIGNMENT(.after_vectors*))
 .after_vectors.reset
                0x00000180       0x68 ./startup/startup_lpc55s69_cm33_core0.o
                0x00000180                ResetISR
 .after_vectors.init_data
                0x000001e8       0x1e ./startup/startup_lpc55s69_cm33_core0.o
                0x000001e8                data_init
 .after_vectors.init_bss
                0x00000206       0x12 ./startup/startup_lpc55s69_cm33_core0.o
                0x00000206                bss_init
 .after_vectors
                0x00000218       0x16 ./startup/startup_lpc55s69_cm33_core0.o
                0x00000218                NMI_Handler
                0x0000021c                MemManage_Handler
                0x0000021e                BusFault_Handler
                0x00000220                UsageFault_Handler
                0x00000222                SecureFault_Handler
                0x00000226                DebugMon_Handler
                0x0000022c                Reserved56_DriverIRQHandler
                0x0000022c                CTIMER2_DriverIRQHandler
                0x0000022c                SEC_VIO_DriverIRQHandler
                0x0000022c                IntDefaultHandler
                0x0000022c                USB0_DriverIRQHandler
                0x0000022c                CASER_DriverIRQHandler
                0x0000022c                MRT0_DriverIRQHandler
                0x0000022c                UTICK0_DriverIRQHandler
                0x0000022c                Reserved41_DriverIRQHandler
                0x0000022c                CTIMER4_DriverIRQHandler
                0x0000022c                GINT1_DriverIRQHandler
                0x0000022c                Reserved55_DriverIRQHandler
                0x0000022c                HASHCRYPT_DriverIRQHandler
                0x0000022c                USB0_NEEDCLK_DriverIRQHandler
                0x0000022c                CTIMER0_DriverIRQHandler
                0x0000022c                Reserved42_DriverIRQHandler
                0x0000022c                DMA0_DriverIRQHandler
                0x0000022c                PQ_DriverIRQHandler
                0x0000022c                MAILBOX_DriverIRQHandler
                0x0000022c                CTIMER3_DriverIRQHandler
                0x0000022c                Reserved61_DriverIRQHandler
                0x0000022c                PUF_DriverIRQHandler
                0x0000022c                RTC_DriverIRQHandler
                0x0000022c                Reserved39_DriverIRQHandler
                0x0000022c                USB1_DriverIRQHandler
                0x0000022c                Reserved60_DriverIRQHandler
                0x0000022c                DMA1_DriverIRQHandler
                0x0000022c                ADC0_DriverIRQHandler
                0x0000022c                USB1_NEEDCLK_DriverIRQHandler
                0x0000022c                Reserved59_DriverIRQHandler
                0x0000022c                SDIO_DriverIRQHandler
                0x0000022c                GINT0_DriverIRQHandler
                0x0000022c                USB1_PHY_DriverIRQHandler
                0x0000022c                ACMP_DriverIRQHandler
                0x0000022c                Reserved57_DriverIRQHandler
                0x0000022c                CTIMER1_DriverIRQHandler
                0x0000022c                Reserved46_DriverIRQHandler
                0x0000022c                WDT_BOD_DriverIRQHandler
                0x0000022c                SCT0_DriverIRQHandler
                0x0000022c                PLU_DriverIRQHandler
                0x0000022c                OS_EVENT_DriverIRQHandler
                0x0000022c                SEC_HYPERVISOR_CALL_DriverIRQHandler
 *(SORT_BY_ALIGNMENT(.text*))
 *fill*         0x0000022e        0x2 ff
 .text.vRestoreContextOfFirstTask
                0x00000230       0x38 ./freertos/freertos_kernel/portable/GCC/ARM_CM33_NTZ/non_secure/portasm.o
                0x00000230                vRestoreContextOfFirstTask
 *fill*         0x00000268        0x8 ff
 .text.vStartFirstTask
                0x00000270       0x28 ./freertos/freertos_kernel/portable/GCC/ARM_CM33_NTZ/non_secure/portasm.o
                0x00000270                vStartFirstTask
 *fill*         0x00000298        0x8 ff
 .text.PendSV_Handler
                0x000002a0       0x58 ./freertos/freertos_kernel/portable/GCC/ARM_CM33_NTZ/non_secure/portasm.o
                0x000002a0                PendSV_Handler
 *fill*         0x000002f8        0x8 ff
 .text.SVC_Handler
                0x00000300       0x28 ./freertos/freertos_kernel/portable/GCC/ARM_CM33_NTZ/non_secure/portasm.o
                0x00000300                SVC_Handler
 .text.ConvertFloatRadixNumToString
                0x00000328      0x2c8 ./utilities/fsl_str.o
 .text.fp_display
                0x000005f0      0x964 m:/oprogramowanie/mcuxpressoide_11.6.1_8255/ide/plugins/com.nxp.mcuxpresso.tools.win32_11.6.1.202207200623/tools/bin/../lib/gcc/arm-none-eabi/10.3.1/../../../../arm-none-eabi/lib/thumb/v8-m.main+fp/hard\libcr_c.a(fpprintf.o)
 *fill*         0x00000f54        0x4 ff
 .text.pow      0x00000f58      0x564 m:/oprogramowanie/mcuxpressoide_11.6.1_8255/ide/plugins/com.nxp.mcuxpresso.tools.win32_11.6.1.202207200623/tools/bin/../lib/gcc/arm-none-eabi/10.3.1/../../../../arm-none-eabi/lib/thumb/v8-m.main+fp/hard\libcr_c.a(pow.o)
                0x00000f58                pow
 *fill*         0x000014bc        0x4 ff
 .text._frexpl  0x000014c0       0x68 m:/oprogramowanie/mcuxpressoide_11.6.1_8255/ide/plugins/com.nxp.mcuxpresso.tools.win32_11.6.1.202207200623/tools/bin/../lib/gcc/arm-none-eabi/10.3.1/../../../../arm-none-eabi/lib/thumb/v8-m.main+fp/hard\libcr_c.a(_frexpl.o)
                0x000014c0                _frexpl
 .text._ldexpl  0x00001528       0x5c m:/oprogramowanie/mcuxpressoide_11.6.1_8255/ide/plugins/com.nxp.mcuxpresso.tools.win32_11.6.1.202207200623/tools/bin/../lib/gcc/arm-none-eabi/10.3.1/../../../../arm-none-eabi/lib/thumb/v8-m.main+fp/hard\libcr_c.a(_ldexpl.o)
                0x00001528                _ldexpl
 *fill*         0x00001584        0x4 ff
 .text.frexp    0x00001588       0x68 m:/oprogramowanie/mcuxpressoide_11.6.1_8255/ide/plugins/com.nxp.mcuxpresso.tools.win32_11.6.1.202207200623/tools/bin/../lib/gcc/arm-none-eabi/10.3.1/../../../../arm-none-eabi/lib/thumb/v8-m.main+fp/hard\libcr_c.a(frexp.o)
                0x00001588                frexp
 .text.ldexp    0x000015f0       0x5c m:/oprogramowanie/mcuxpressoide_11.6.1_8255/ide/plugins/com.nxp.mcuxpresso.tools.win32_11.6.1.202207200623/tools/bin/../lib/gcc/arm-none-eabi/10.3.1/../../../../arm-none-eabi/lib/thumb/v8-m.main+fp/hard\libcr_c.a(ldexp.o)
                0x000015f0                ldexp
 .text.__assertion_failed
                0x0000164c       0x18 ./utilities/fsl_assert.o
                0x0000164c                __assertion_failed
 .text.DbgConsole_SendDataReliable
                0x00001664       0x54 ./utilities/fsl_debug_console.o
                0x00001664                DbgConsole_SendDataReliable
 .text.DbgConsole_Init
                0x000016b8      0x128 ./utilities/fsl_debug_console.o
                0x000016b8                DbgConsole_Init
 .text.DbgConsole_Vprintf
                0x000017e0       0x6c ./utilities/fsl_debug_console.o
                0x000017e0                DbgConsole_Vprintf
 .text.bmp280_read_float
                0x0000184c       0x98 ./source/bmp280.o
                0x0000184c                bmp280_read_float
 .text.main_task
                0x000018e4      0x1b0 ./source/tofcam.o
                0x000018e4                main_task
 .text.delay_ms
                0x00001a94       0x34 ./source/tofcam.o
                0x00001a94                delay_ms
 .text.cbToF_Ready
                0x00001ac8       0xb0 ./source/tofcam.o
                0x00001ac8                cbToF_Ready
 .text.main     0x00001b78      0x190 ./source/tofcam.o
                0x00001b78                main
 .text._vl53l5cx_send_offset_data
                0x00001d08      0x370 ./source/vl53l5cx_api.o
 .text._vl53l5cx_send_xtalk_data
                0x00002078      0x29c ./source/vl53l5cx_api.o
 .text.vl53l5cx_init
                0x00002314      0x7f4 ./source/vl53l5cx_api.o
                0x00002314                vl53l5cx_init
 .text.vl53l5cx_start_ranging
                0x00002b08      0x2b4 ./source/vl53l5cx_api.o
                0x00002b08                vl53l5cx_start_ranging
 .text.vl53l5cx_get_ranging_data
                0x00002dbc      0x37c ./source/vl53l5cx_api.o
                0x00002dbc                vl53l5cx_get_ranging_data
 .text.vl53l5cx_dci_read_data
                0x00003138      0x114 ./source/vl53l5cx_api.o
                0x00003138                vl53l5cx_dci_read_data
 .text.wlan_get_state
                0x0000324c       0x2c ./source/wlan_mwm.o
                0x0000324c                wlan_get_state
 .text.wlan_state
                0x00003278      0x180 ./source/wlan_mwm.o
                0x00003278                wlan_state
 .text.wlan_reboot
                0x000033f8       0x58 ./source/wlan_mwm.o
                0x000033f8                wlan_reboot
 .text.wlan_config
                0x00003450      0x188 ./source/wlan_mwm.o
                0x00003450                wlan_config
 .text.wlan_init
                0x000035d8       0x90 ./source/wlan_mwm.o
                0x000035d8                wlan_init
 .text.http_GET
                0x00003668      0x1e4 ./source/wlan_mwm.o
                0x00003668                http_GET
 .text.pvPortMalloc
                0x0000384c      0x190 ./freertos/freertos_kernel/portable/MemMang/heap_4.o
                0x0000384c                pvPortMalloc
 .text.vPortFree
                0x000039dc       0xa4 ./freertos/freertos_kernel/portable/MemMang/heap_4.o
                0x000039dc                vPortFree
 .text.prvHeapInit
                0x00003a80       0xc4 ./freertos/freertos_kernel/portable/MemMang/heap_4.o
 .text.prvInsertBlockIntoFreeList
                0x00003b44       0xb4 ./freertos/freertos_kernel/portable/MemMang/heap_4.o
 .text.vPortSetupTimerInterrupt
                0x00003bf8       0x48 ./freertos/freertos_kernel/portable/GCC/ARM_CM33_NTZ/non_secure/port.o
                0x00003bf8                vPortSetupTimerInterrupt
 .text.prvTaskExitError
                0x00003c40       0x34 ./freertos/freertos_kernel/portable/GCC/ARM_CM33_NTZ/non_secure/port.o
 .text.vPortYield
                0x00003c74       0x24 ./freertos/freertos_kernel/portable/GCC/ARM_CM33_NTZ/non_secure/port.o
                0x00003c74                vPortYield
 .text.vPortEnterCritical
                0x00003c98       0x24 ./freertos/freertos_kernel/portable/GCC/ARM_CM33_NTZ/non_secure/port.o
                0x00003c98                vPortEnterCritical
 .text.vPortExitCritical
                0x00003cbc       0x34 ./freertos/freertos_kernel/portable/GCC/ARM_CM33_NTZ/non_secure/port.o
                0x00003cbc                vPortExitCritical
 .text.SysTick_Handler
                0x00003cf0       0x30 ./freertos/freertos_kernel/portable/GCC/ARM_CM33_NTZ/non_secure/port.o
                0x00003cf0                SysTick_Handler
 .text.pxPortInitialiseStack
                0x00003d20      0x114 ./freertos/freertos_kernel/portable/GCC/ARM_CM33_NTZ/non_secure/port.o
                0x00003d20                pxPortInitialiseStack
 .text.xPortStartScheduler
                0x00003e34       0x40 ./freertos/freertos_kernel/portable/GCC/ARM_CM33_NTZ/non_secure/port.o
                0x00003e34                xPortStartScheduler
 .text.xEventGroupSetBitsFromISR
                0x00003e74       0x28 ./freertos/freertos_kernel/event_groups.o
                0x00003e74                xEventGroupSetBitsFromISR
 .text.vQueueAddToRegistry
                0x00003e9c       0x54 ./freertos/freertos_kernel/queue.o
                0x00003e9c                vQueueAddToRegistry
 .text.vQueueUnregisterQueue
                0x00003ef0       0x54 ./freertos/freertos_kernel/queue.o
                0x00003ef0                vQueueUnregisterQueue
 .text.prvAddNewTaskToReadyList
                0x00003f44       0xd0 ./freertos/freertos_kernel/tasks.o
 .text.vTaskDelay
                0x00004014       0x48 ./freertos/freertos_kernel/tasks.o
                0x00004014                vTaskDelay
 .text.vTaskStartScheduler
                0x0000405c       0x84 ./freertos/freertos_kernel/tasks.o
                0x0000405c                vTaskStartScheduler
 .text.vTaskSuspendAll
                0x000040e0       0x1c ./freertos/freertos_kernel/tasks.o
                0x000040e0                vTaskSuspendAll
 .text.xTaskResumeAll
                0x000040fc      0x11c ./freertos/freertos_kernel/tasks.o
                0x000040fc                xTaskResumeAll
 .text.xTaskGetTickCount
                0x00004218       0x20 ./freertos/freertos_kernel/tasks.o
                0x00004218                xTaskGetTickCount
 .text.xTaskIncrementTick
                0x00004238      0x144 ./freertos/freertos_kernel/tasks.o
                0x00004238                xTaskIncrementTick
 .text.vTaskSwitchContext
                0x0000437c       0xa8 ./freertos/freertos_kernel/tasks.o
                0x0000437c                vTaskSwitchContext
 .text.vTaskPlaceOnEventList
                0x00004424       0x38 ./freertos/freertos_kernel/tasks.o
                0x00004424                vTaskPlaceOnEventList
 .text.vTaskPlaceOnUnorderedEventList
                0x0000445c       0x58 ./freertos/freertos_kernel/tasks.o
                0x0000445c                vTaskPlaceOnUnorderedEventList
 .text.vTaskPlaceOnEventListRestricted
                0x000044b4       0x48 ./freertos/freertos_kernel/tasks.o
                0x000044b4                vTaskPlaceOnEventListRestricted
 .text.xTaskRemoveFromEventList
                0x000044fc       0xb8 ./freertos/freertos_kernel/tasks.o
                0x000044fc                xTaskRemoveFromEventList
 .text.vTaskRemoveFromUnorderedEventList
                0x000045b4       0xa4 ./freertos/freertos_kernel/tasks.o
                0x000045b4                vTaskRemoveFromUnorderedEventList
 .text.vTaskInternalSetTimeOutState
                0x00004658       0x2c ./freertos/freertos_kernel/tasks.o
                0x00004658                vTaskInternalSetTimeOutState
 .text.xTaskCheckForTimeOut
                0x00004684       0xac ./freertos/freertos_kernel/tasks.o
                0x00004684                xTaskCheckForTimeOut
 .text.vTaskMissedYield
                0x00004730       0x18 ./freertos/freertos_kernel/tasks.o
                0x00004730                vTaskMissedYield
 .text.prvIdleTask
                0x00004748       0x20 ./freertos/freertos_kernel/tasks.o
 .text.prvInitialiseTaskLists
                0x00004768       0x80 ./freertos/freertos_kernel/tasks.o
 .text.prvCheckTasksWaitingTermination
                0x000047e8       0x5c ./freertos/freertos_kernel/tasks.o
 .text.prvResetNextTaskUnblockTime
                0x00004844       0x38 ./freertos/freertos_kernel/tasks.o
 .text.xTaskGetSchedulerState
                0x0000487c       0x3c ./freertos/freertos_kernel/tasks.o
                0x0000487c                xTaskGetSchedulerState
 .text.xTaskPriorityInherit
                0x000048b8       0xd0 ./freertos/freertos_kernel/tasks.o
                0x000048b8                xTaskPriorityInherit
 .text.xTaskPriorityDisinherit
                0x00004988       0xbc ./freertos/freertos_kernel/tasks.o
                0x00004988                xTaskPriorityDisinherit
 .text.vTaskPriorityDisinheritAfterTimeout
                0x00004a44       0xe4 ./freertos/freertos_kernel/tasks.o
                0x00004a44                vTaskPriorityDisinheritAfterTimeout
 .text.uxTaskResetEventItemValue
                0x00004b28       0x30 ./freertos/freertos_kernel/tasks.o
                0x00004b28                uxTaskResetEventItemValue
 .text.pvTaskIncrementMutexHeldCount
                0x00004b58       0x28 ./freertos/freertos_kernel/tasks.o
                0x00004b58                pvTaskIncrementMutexHeldCount
 .text.prvAddCurrentTaskToDelayedList
                0x00004b80       0xa8 ./freertos/freertos_kernel/tasks.o
 .text.xTimerCreateTimerTask
                0x00004c28       0x54 ./freertos/freertos_kernel/timers.o
                0x00004c28                xTimerCreateTimerTask
 .text.xTimerGenericCommand
                0x00004c7c       0x8c ./freertos/freertos_kernel/timers.o
                0x00004c7c                xTimerGenericCommand
 .text.prvProcessExpiredTimer
                0x00004d08       0x88 ./freertos/freertos_kernel/timers.o
 .text.prvProcessTimerOrBlockTask
                0x00004d90       0x8c ./freertos/freertos_kernel/timers.o
 .text.prvGetNextExpireTime
                0x00004e1c       0x48 ./freertos/freertos_kernel/timers.o
 .text.prvSampleTimeNow
                0x00004e64       0x40 ./freertos/freertos_kernel/timers.o
 .text.prvInsertTimerInActiveList
                0x00004ea4       0x84 ./freertos/freertos_kernel/timers.o
 .text.prvProcessReceivedCommands
                0x00004f28      0x194 ./freertos/freertos_kernel/timers.o
 .text.prvSwitchTimerLists
                0x000050bc       0xb8 ./freertos/freertos_kernel/timers.o
 .text.prvCheckForValidListAndQueue
                0x00005174       0x6c ./freertos/freertos_kernel/timers.o
 .text.xTimerPendFunctionCallFromISR
                0x000051e0       0x40 ./freertos/freertos_kernel/timers.o
                0x000051e0                xTimerPendFunctionCallFromISR
 .text.USART_RTOS_Callback
                0x00005220       0x98 ./drivers/freertos/fsl_usart_freertos.o
 .text.USART_RTOS_Init
                0x000052b8      0x1c0 ./drivers/freertos/fsl_usart_freertos.o
                0x000052b8                USART_RTOS_Init
 .text.POWER_EnablePD
                0x00005478       0x20 ./drivers/fsl_clock.o
 .text.POWER_DisablePD
                0x00005498       0x20 ./drivers/fsl_clock.o
 .text.CLOCK_AttachClk
                0x000054b8       0x98 ./drivers/fsl_clock.o
                0x000054b8                CLOCK_AttachClk
 .text.CLOCK_SetClkDiv
                0x00005550       0x80 ./drivers/fsl_clock.o
                0x00005550                CLOCK_SetClkDiv
 .text.CLOCK_SetupFROClocking
                0x000055d0       0x80 ./drivers/fsl_clock.o
                0x000055d0                CLOCK_SetupFROClocking
 .text.CLOCK_SetFLASHAccessCyclesForFreq
                0x00005650      0x148 ./drivers/fsl_clock.o
                0x00005650                CLOCK_SetFLASHAccessCyclesForFreq
 .text.CLOCK_SetupExtClocking
                0x00005798       0x50 ./drivers/fsl_clock.o
                0x00005798                CLOCK_SetupExtClocking
 .text.CLOCK_GetFro12MFreq
                0x000057e8       0x28 ./drivers/fsl_clock.o
                0x000057e8                CLOCK_GetFro12MFreq
 .text.CLOCK_GetFro1MFreq
                0x00005810       0x28 ./drivers/fsl_clock.o
                0x00005810                CLOCK_GetFro1MFreq
 .text.CLOCK_GetExtClkFreq
                0x00005838       0x2c ./drivers/fsl_clock.o
                0x00005838                CLOCK_GetExtClkFreq
 .text.CLOCK_GetFroHfFreq
                0x00005864       0x28 ./drivers/fsl_clock.o
                0x00005864                CLOCK_GetFroHfFreq
 .text.CLOCK_GetPll0OutFreq
                0x0000588c       0x18 ./drivers/fsl_clock.o
                0x0000588c                CLOCK_GetPll0OutFreq
 .text.CLOCK_GetPll1OutFreq
                0x000058a4       0x18 ./drivers/fsl_clock.o
                0x000058a4                CLOCK_GetPll1OutFreq
 .text.CLOCK_GetOsc32KFreq
                0x000058bc       0x58 ./drivers/fsl_clock.o
                0x000058bc                CLOCK_GetOsc32KFreq
 .text.CLOCK_GetCoreSysClkFreq
                0x00005914       0xa8 ./drivers/fsl_clock.o
                0x00005914                CLOCK_GetCoreSysClkFreq
 .text.CLOCK_GetI2SMClkFreq
                0x000059bc       0x18 ./drivers/fsl_clock.o
                0x000059bc                CLOCK_GetI2SMClkFreq
 .text.CLOCK_GetFlexCommInputClock
                0x000059d4       0xbc ./drivers/fsl_clock.o
                0x000059d4                CLOCK_GetFlexCommInputClock
 .text.CLOCK_GetPLL0InClockRate
                0x00005a90       0x64 ./drivers/fsl_clock.o
                0x00005a90                CLOCK_GetPLL0InClockRate
 .text.CLOCK_SetPLL0Freq
                0x00005af4      0x12c ./drivers/fsl_clock.o
                0x00005af4                CLOCK_SetPLL0Freq
 .text.SDK_DelayAtLeastUs
                0x00005c20       0x8c ./drivers/fsl_common_arm.o
                0x00005c20                SDK_DelayAtLeastUs
 .text.FLEXCOMM_GetInstance
                0x00005cac       0x50 ./drivers/fsl_flexcomm.o
                0x00005cac                FLEXCOMM_GetInstance
 .text.FLEXCOMM_Init
                0x00005cfc       0x50 ./drivers/fsl_flexcomm.o
                0x00005cfc                FLEXCOMM_Init
 .text.FLEXCOMM_SetIRQHandler
                0x00005d4c       0x44 ./drivers/fsl_flexcomm.o
                0x00005d4c                FLEXCOMM_SetIRQHandler
 .text.FLEXCOMM0_DriverIRQHandler
                0x00005d90       0x5c ./drivers/fsl_flexcomm.o
                0x00005d90                FLEXCOMM0_DriverIRQHandler
 .text.FLEXCOMM1_DriverIRQHandler
                0x00005dec       0x5c ./drivers/fsl_flexcomm.o
                0x00005dec                FLEXCOMM1_DriverIRQHandler
 .text.FLEXCOMM2_DriverIRQHandler
                0x00005e48       0x5c ./drivers/fsl_flexcomm.o
                0x00005e48                FLEXCOMM2_DriverIRQHandler
 .text.FLEXCOMM3_DriverIRQHandler
                0x00005ea4       0x5c ./drivers/fsl_flexcomm.o
                0x00005ea4                FLEXCOMM3_DriverIRQHandler
 .text.FLEXCOMM4_DriverIRQHandler
                0x00005f00       0x5c ./drivers/fsl_flexcomm.o
                0x00005f00                FLEXCOMM4_DriverIRQHandler
 .text.FLEXCOMM5_DriverIRQHandler
                0x00005f5c       0x5c ./drivers/fsl_flexcomm.o
                0x00005f5c                FLEXCOMM5_DriverIRQHandler
 .text.FLEXCOMM6_DriverIRQHandler
                0x00005fb8       0x5c ./drivers/fsl_flexcomm.o
                0x00005fb8                FLEXCOMM6_DriverIRQHandler
 .text.FLEXCOMM7_DriverIRQHandler
                0x00006014       0x5c ./drivers/fsl_flexcomm.o
                0x00006014                FLEXCOMM7_DriverIRQHandler
 .text.FLEXCOMM8_DriverIRQHandler
                0x00006070       0x5c ./drivers/fsl_flexcomm.o
                0x00006070                FLEXCOMM8_DriverIRQHandler
 .text.GPIO_EnablePortClock
                0x000060cc       0x34 ./drivers/fsl_gpio.o
 .text.I2C_ClearStatusFlags
                0x00006100       0x2c ./drivers/fsl_i2c.o
 .text.I2C_MasterSetBaudRate
                0x0000612c      0x13c ./drivers/fsl_i2c.o
                0x0000612c                I2C_MasterSetBaudRate
 .text.I2C_MasterSetTimeoutValue
                0x00006268       0x74 ./drivers/fsl_i2c.o
                0x00006268                I2C_MasterSetTimeoutValue
 .text.I2C_PendingStatusWait
                0x000062dc       0x74 ./drivers/fsl_i2c.o
 .text.I2C_MasterWriteBlocking
                0x00006350       0xe4 ./drivers/fsl_i2c.o
                0x00006350                I2C_MasterWriteBlocking
 .text.I2C_MasterReadBlocking
                0x00006434       0xcc ./drivers/fsl_i2c.o
                0x00006434                I2C_MasterReadBlocking
 .text.PINT_Init
                0x00006500       0xd4 ./drivers/fsl_pint.o
                0x00006500                PINT_Init
 .text.PINT_PinInterruptConfig
                0x000065d4       0xd0 ./drivers/fsl_pint.o
                0x000065d4                PINT_PinInterruptConfig
 .text.SEC_GPIO_INT0_IRQ0_DriverIRQHandler
                0x000066a4       0x48 ./drivers/fsl_pint.o
                0x000066a4                SEC_GPIO_INT0_IRQ0_DriverIRQHandler
 .text.SEC_GPIO_INT0_IRQ1_DriverIRQHandler
                0x000066ec       0x44 ./drivers/fsl_pint.o
                0x000066ec                SEC_GPIO_INT0_IRQ1_DriverIRQHandler
 .text.PIN_INT0_DriverIRQHandler
                0x00006730       0x48 ./drivers/fsl_pint.o
                0x00006730                PIN_INT0_DriverIRQHandler
 .text.PIN_INT1_DriverIRQHandler
                0x00006778       0x48 ./drivers/fsl_pint.o
                0x00006778                PIN_INT1_DriverIRQHandler
 .text.PIN_INT2_DriverIRQHandler
                0x000067c0       0x48 ./drivers/fsl_pint.o
                0x000067c0                PIN_INT2_DriverIRQHandler
 .text.PIN_INT3_DriverIRQHandler
                0x00006808       0x48 ./drivers/fsl_pint.o
                0x00006808                PIN_INT3_DriverIRQHandler
 .text.PIN_INT4_DriverIRQHandler
                0x00006850       0x48 ./drivers/fsl_pint.o
                0x00006850                PIN_INT4_DriverIRQHandler
 .text.PIN_INT5_DriverIRQHandler
                0x00006898       0x48 ./drivers/fsl_pint.o
                0x00006898                PIN_INT5_DriverIRQHandler
 .text.PIN_INT6_DriverIRQHandler
                0x000068e0       0x48 ./drivers/fsl_pint.o
                0x000068e0                PIN_INT6_DriverIRQHandler
 .text.PIN_INT7_DriverIRQHandler
                0x00006928       0x48 ./drivers/fsl_pint.o
                0x00006928                PIN_INT7_DriverIRQHandler
 .text.lowpower_set_system_voltage
                0x00006970      0x154 ./drivers/fsl_power.o
 .text.lowpower_set_dcdc_power_profile
                0x00006ac4       0xec ./drivers/fsl_power.o
 .text.lowpower_get_part_process_corner
                0x00006bb0       0x94 ./drivers/fsl_power.o
 .text.POWER_SetVoltageForFreq
                0x00006c44       0x50 ./drivers/fsl_power.o
                0x00006c44                POWER_SetVoltageForFreq
 .text.RESET_SetPeripheralReset
                0x00006c94       0x5c ./drivers/fsl_reset.o
                0x00006c94                RESET_SetPeripheralReset
 .text.RESET_ClearPeripheralReset
                0x00006cf0       0x60 ./drivers/fsl_reset.o
                0x00006cf0                RESET_ClearPeripheralReset
 .text.SPI_SetTransferDelay
                0x00006d50       0x60 ./drivers/fsl_spi.o
 .text.SPI_GetInstance
                0x00006db0       0x4c ./drivers/fsl_spi.o
                0x00006db0                SPI_GetInstance
 .text.SPI_SetDummyData
                0x00006dfc       0x2c ./drivers/fsl_spi.o
                0x00006dfc                SPI_SetDummyData
 .text.SPI_MasterInit
                0x00006e28      0x190 ./drivers/fsl_spi.o
                0x00006e28                SPI_MasterInit
 .text.SPI_MasterSetBaud
                0x00006fb8       0x9c ./drivers/fsl_spi.o
                0x00006fb8                SPI_MasterSetBaud
 .text.__NVIC_EnableIRQ
                0x00007054       0x3c ./drivers/fsl_usart.o
 .text.USART_EnableInterrupts
                0x00007090       0x44 ./drivers/fsl_usart.o
 .text.USART_DisableInterrupts
                0x000070d4       0x44 ./drivers/fsl_usart.o
 .text.USART_GetEnabledInterrupts
                0x00007118       0x38 ./drivers/fsl_usart.o
 .text.USART_GetInstance
                0x00007150       0x4c ./drivers/fsl_usart.o
                0x00007150                USART_GetInstance
 .text.USART_TransferGetRxRingBufferLength
                0x0000719c       0x50 ./drivers/fsl_usart.o
                0x0000719c                USART_TransferGetRxRingBufferLength
 .text.USART_TransferIsRxRingBufferFull
                0x000071ec       0x40 ./drivers/fsl_usart.o
 .text.USART_TransferStartRingBuffer
                0x0000722c       0x68 ./drivers/fsl_usart.o
                0x0000722c                USART_TransferStartRingBuffer
 .text.USART_Init
                0x00007294      0x1cc ./drivers/fsl_usart.o
                0x00007294                USART_Init
 .text.USART_Deinit
                0x00007460       0x54 ./drivers/fsl_usart.o
                0x00007460                USART_Deinit
 .text.USART_GetDefaultConfig
                0x000074b4       0x80 ./drivers/fsl_usart.o
                0x000074b4                USART_GetDefaultConfig
 .text.USART_SetBaudRate
                0x00007534      0x174 ./drivers/fsl_usart.o
                0x00007534                USART_SetBaudRate
 .text.USART_WriteBlocking
                0x000076a8       0x8c ./drivers/fsl_usart.o
                0x000076a8                USART_WriteBlocking
 .text.USART_TransferCreateHandle
                0x00007734       0xc4 ./drivers/fsl_usart.o
                0x00007734                USART_TransferCreateHandle
 .text.USART_TransferSendNonBlocking
                0x000077f8       0xc8 ./drivers/fsl_usart.o
                0x000077f8                USART_TransferSendNonBlocking
 .text.USART_TransferReceiveNonBlocking
                0x000078c0      0x1e4 ./drivers/fsl_usart.o
                0x000078c0                USART_TransferReceiveNonBlocking
 .text.USART_TransferAbortReceive
                0x00007aa4       0x50 ./drivers/fsl_usart.o
                0x00007aa4                USART_TransferAbortReceive
 .text.USART_TransferHandleIRQ
                0x00007af4      0x438 ./drivers/fsl_usart.o
                0x00007af4                USART_TransferHandleIRQ
 .text.SystemInit
                0x00007f2c       0x64 ./device/system_LPC55S69_cm33_core0.o
                0x00007f2c                SystemInit
 .text.HAL_UartInitCommon
                0x00007f90      0x110 ./component/uart/fsl_adapter_usart.o
 .text.HAL_UartSendBlocking
                0x000080a0       0x64 ./component/uart/fsl_adapter_usart.o
                0x000080a0                HAL_UartSendBlocking
 .text.mwm_tx_data
                0x00008104       0xc0 ./component/serial_mwm/serial_mwm.o
 .text.read_int
                0x000081c4       0x40 ./component/serial_mwm/serial_mwm.o
 .text.read_string
                0x00008204       0x48 ./component/serial_mwm/serial_mwm.o
 .text.read_end2
                0x0000824c       0x40 ./component/serial_mwm/serial_mwm.o
 .text.read_errno
                0x0000828c       0x4c ./component/serial_mwm/serial_mwm.o
 .text.mwm_reboot
                0x000082d8       0x54 ./component/serial_mwm/serial_mwm.o
                0x000082d8                mwm_reboot
 .text.mwm_wlan_start
                0x0000832c       0x2c ./component/serial_mwm/serial_mwm.o
                0x0000832c                mwm_wlan_start
 .text.mwm_wlan_status
                0x00008358       0xc0 ./component/serial_mwm/serial_mwm.o
                0x00008358                mwm_wlan_status
 .text.mwm_wlan_info
                0x00008418       0xe4 ./component/serial_mwm/serial_mwm.o
                0x00008418                mwm_wlan_info
 .text.mwm_get_param
                0x000084fc       0xac ./component/serial_mwm/serial_mwm.o
                0x000084fc                mwm_get_param
 .text.mwm_set_param
                0x000085a8       0x84 ./component/serial_mwm/serial_mwm.o
                0x000085a8                mwm_set_param
 .text.mwm_socket
                0x0000862c       0xa4 ./component/serial_mwm/serial_mwm.o
                0x0000862c                mwm_socket
 .text.mwm_connect
                0x000086d0       0x6c ./component/serial_mwm/serial_mwm.o
                0x000086d0                mwm_connect
 .text.mwm_recv_timeout
                0x0000873c       0xbc ./component/serial_mwm/serial_mwm.o
                0x0000873c                mwm_recv_timeout
 .text.mwm_send
                0x000087f8       0xc8 ./component/serial_mwm/serial_mwm.o
                0x000087f8                mwm_send
 .text.mwm_close
                0x000088c0       0x5c ./component/serial_mwm/serial_mwm.o
                0x000088c0                mwm_close
 .text.__NVIC_SetPriority
                0x0000891c       0x54 ./component/serial_mwm/serial_mwm_usart.o
 .text.mwm_rx   0x00008970       0x4c ./component/serial_mwm/serial_mwm_usart.o
                0x00008970                mwm_rx
 .text.mwm_tx   0x000089bc       0x44 ./component/serial_mwm/serial_mwm_usart.o
                0x000089bc                mwm_tx
 .text.mwm_port_init
                0x00008a00       0x4c ./component/serial_mwm/serial_mwm_usart.o
                0x00008a00                mwm_port_init
 .text.mwm_port_deinit
                0x00008a4c       0x20 ./component/serial_mwm/serial_mwm_usart.o
                0x00008a4c                mwm_port_deinit
 .text.BOARD_InitDebugConsole
                0x00008a6c       0x38 ./board/board.o
                0x00008a6c                BOARD_InitDebugConsole
 .text.POWER_DisablePD
                0x00008aa4       0x20 ./board/clock_config.o
 .text.BOARD_BootClockPLL150M
                0x00008ac4      0x13c ./board/clock_config.o
                0x00008ac4                BOARD_BootClockPLL150M
 .text.FLEXCOMM4_init
                0x00008c00       0x20 ./board/peripherals.o
 .text.PINT_init
                0x00008c20       0x24 ./board/peripherals.o
 .text.FLEXCOMM1_init
                0x00008c44       0x20 ./board/peripherals.o
 .text.FLEXCOMM3_init
                0x00008c64       0x20 ./board/peripherals.o
 .text.BOARD_InitDEBUG_UARTPins
                0x00008c84       0x3c ./board/pin_mux.o
                0x00008c84                BOARD_InitDEBUG_UARTPins
 .text.BOARD_ToFCamPins
                0x00008cc0       0xfc ./board/pin_mux.o
                0x00008cc0                BOARD_ToFCamPins
 .text.MWM_InitPins
                0x00008dbc       0x48 ./board/pin_mux.o
                0x00008dbc                MWM_InitPins
 .text.BOARD_InitPMODPins
                0x00008e04       0x44 ./board/pin_mux.o
                0x00008e04                BOARD_InitPMODPins
 .text.malloc   0x00008e48       0xc8 m:/oprogramowanie/mcuxpressoide_11.6.1_8255/ide/plugins/com.nxp.mcuxpresso.tools.win32_11.6.1.202207200623/tools/bin/../lib/gcc/arm-none-eabi/10.3.1/../../../../arm-none-eabi/lib/thumb/v8-m.main+fp/hard\libcr_c.a(alloc.o)
                0x00008e48                malloc
 .text._Csys_alloc
                0x00008f10       0x20 m:/oprogramowanie/mcuxpressoide_11.6.1_8255/ide/plugins/com.nxp.mcuxpresso.tools.win32_11.6.1.202207200623/tools/bin/../lib/gcc/arm-none-eabi/10.3.1/../../../../arm-none-eabi/lib/thumb/v8-m.main+fp/hard\libcr_c.a(alloc.o)
                0x00008f10                _Csys_alloc
 .text.sprintf  0x00008f30       0x6c m:/oprogramowanie/mcuxpressoide_11.6.1_8255/ide/plugins/com.nxp.mcuxpresso.tools.win32_11.6.1.202207200623/tools/bin/../lib/gcc/arm-none-eabi/10.3.1/../../../../arm-none-eabi/lib/thumb/v8-m.main+fp/hard\libcr_c.a(fpprintf.o)
                0x00008f30                sprintf
 .text.snprintf
                0x00008f9c       0x78 m:/oprogramowanie/mcuxpressoide_11.6.1_8255/ide/plugins/com.nxp.mcuxpresso.tools.win32_11.6.1.202207200623/tools/bin/../lib/gcc/arm-none-eabi/10.3.1/../../../../arm-none-eabi/lib/thumb/v8-m.main+fp/hard\libcr_c.a(fpprintf.o)
                0x00008f9c                snprintf
 .text._initio  0x00009014       0x78 m:/oprogramowanie/mcuxpressoide_11.6.1_8255/ide/plugins/com.nxp.mcuxpresso.tools.win32_11.6.1.202207200623/tools/bin/../lib/gcc/arm-none-eabi/10.3.1/../../../../arm-none-eabi/lib/thumb/v8-m.main+fp/hard\libcr_c.a(initio.o)
                0x00009014                _initio
 .text.modf     0x0000908c       0x8c m:/oprogramowanie/mcuxpressoide_11.6.1_8255/ide/plugins/com.nxp.mcuxpresso.tools.win32_11.6.1.202207200623/tools/bin/../lib/gcc/arm-none-eabi/10.3.1/../../../../arm-none-eabi/lib/thumb/v8-m.main+fp/hard\libcr_c.a(modf.o)
                0x0000908c                modf
 .text.__vfprintf
                0x00009118      0xbf4 m:/oprogramowanie/mcuxpressoide_11.6.1_8255/ide/plugins/com.nxp.mcuxpresso.tools.win32_11.6.1.202207200623/tools/bin/../lib/gcc/arm-none-eabi/10.3.1/../../../../arm-none-eabi/lib/thumb/v8-m.main+fp/hard\libcr_c.a(printf.o)
                0x00009118                __vfprintf
 .text.ch_val   0x00009d0c       0x30 m:/oprogramowanie/mcuxpressoide_11.6.1_8255/ide/plugins/com.nxp.mcuxpresso.tools.win32_11.6.1.202207200623/tools/bin/../lib/gcc/arm-none-eabi/10.3.1/../../../../arm-none-eabi/lib/thumb/v8-m.main+fp/hard\libcr_c.a(scanf.o)
 .text._strtoul
                0x00009d3c       0xb4 m:/oprogramowanie/mcuxpressoide_11.6.1_8255/ide/plugins/com.nxp.mcuxpresso.tools.win32_11.6.1.202207200623/tools/bin/../lib/gcc/arm-none-eabi/10.3.1/../../../../arm-none-eabi/lib/thumb/v8-m.main+fp/hard\libcr_c.a(scanf.o)
 .text.strtol   0x00009df0       0x7c m:/oprogramowanie/mcuxpressoide_11.6.1_8255/ide/plugins/com.nxp.mcuxpresso.tools.win32_11.6.1.202207200623/tools/bin/../lib/gcc/arm-none-eabi/10.3.1/../../../../arm-none-eabi/lib/thumb/v8-m.main+fp/hard\libcr_c.a(scanf.o)
                0x00009df0                strtol
 .text._sbrk    0x00009e6c       0x3c m:/oprogramowanie/mcuxpressoide_11.6.1_8255/ide/plugins/com.nxp.mcuxpresso.tools.win32_11.6.1.202207200623/tools/bin/../lib/gcc/arm-none-eabi/10.3.1/../../../../arm-none-eabi/lib/thumb/v8-m.main+fp/hard\libcr_c.a(_cr_sbrk.o)
                0x00009e6c                _sbrk
 .text._Cwritebuf
                0x00009ea8       0x6c m:/oprogramowanie/mcuxpressoide_11.6.1_8255/ide/plugins/com.nxp.mcuxpresso.tools.win32_11.6.1.202207200623/tools/bin/../lib/gcc/arm-none-eabi/10.3.1/../../../../arm-none-eabi/lib/thumb/v8-m.main+fp/hard\libcr_c.a(_writebuf.o)
                0x00009ea8                _Cwritebuf
 .text.fflush   0x00009f14       0x3c m:/oprogramowanie/mcuxpressoide_11.6.1_8255/ide/plugins/com.nxp.mcuxpresso.tools.win32_11.6.1.202207200623/tools/bin/../lib/gcc/arm-none-eabi/10.3.1/../../../../arm-none-eabi/lib/thumb/v8-m.main+fp/hard\libcr_c.a(fflush.o)
                0x00009f14                fflush
 .text.fseek    0x00009f50       0xfc m:/oprogramowanie/mcuxpressoide_11.6.1_8255/ide/plugins/com.nxp.mcuxpresso.tools.win32_11.6.1.202207200623/tools/bin/../lib/gcc/arm-none-eabi/10.3.1/../../../../arm-none-eabi/lib/thumb/v8-m.main+fp/hard\libcr_c.a(fseek.o)
                0x00009f50                fseek
 .text.ftell    0x0000a04c       0x44 m:/oprogramowanie/mcuxpressoide_11.6.1_8255/ide/plugins/com.nxp.mcuxpresso.tools.win32_11.6.1.202207200623/tools/bin/../lib/gcc/arm-none-eabi/10.3.1/../../../../arm-none-eabi/lib/thumb/v8-m.main+fp/hard\libcr_c.a(ftell.o)
                0x0000a04c                ftell
 .text.__check_heap_overflow
                0x0000a090       0x18 m:/oprogramowanie/mcuxpressoide_11.6.1_8255/ide/plugins/com.nxp.mcuxpresso.tools.win32_11.6.1.202207200623/tools/bin/../lib/gcc/arm-none-eabi/10.3.1/../../../../arm-none-eabi/lib/thumb/v8-m.main+fp/hard\libcr_c.a(_cr_check_heap.o)
                0x0000a090                __check_heap_overflow
 .text.__aeabi_dmul
                0x0000a0a8       0xfc m:/oprogramowanie/mcuxpressoide_11.6.1_8255/ide/plugins/com.nxp.mcuxpresso.tools.win32_11.6.1.202207200623/tools/bin/../lib/gcc/arm-none-eabi/10.3.1/thumb/v8-m.main+fp/hard\libcr_eabihelpers.a(double.o)
                0x0000a0a8                __aeabi_dmul
 .text.__aeabi_ddiv
                0x0000a1a4      0x13c m:/oprogramowanie/mcuxpressoide_11.6.1_8255/ide/plugins/com.nxp.mcuxpresso.tools.win32_11.6.1.202207200623/tools/bin/../lib/gcc/arm-none-eabi/10.3.1/thumb/v8-m.main+fp/hard\libcr_eabihelpers.a(double.o)
                0x0000a1a4                __aeabi_ddiv
 .text.__aeabi_dsub
                0x0000a2e0      0x1ac m:/oprogramowanie/mcuxpressoide_11.6.1_8255/ide/plugins/com.nxp.mcuxpresso.tools.win32_11.6.1.202207200623/tools/bin/../lib/gcc/arm-none-eabi/10.3.1/thumb/v8-m.main+fp/hard\libcr_eabihelpers.a(double.o)
                0x0000a2e0                __aeabi_dsub
 .text.__aeabi_dadd
                0x0000a48c      0x118 m:/oprogramowanie/mcuxpressoide_11.6.1_8255/ide/plugins/com.nxp.mcuxpresso.tools.win32_11.6.1.202207200623/tools/bin/../lib/gcc/arm-none-eabi/10.3.1/thumb/v8-m.main+fp/hard\libcr_eabihelpers.a(double.o)
                0x0000a48c                __aeabi_dadd
 .text.__aeabi_f2d
                0x0000a5a4       0x38 m:/oprogramowanie/mcuxpressoide_11.6.1_8255/ide/plugins/com.nxp.mcuxpresso.tools.win32_11.6.1.202207200623/tools/bin/../lib/gcc/arm-none-eabi/10.3.1/thumb/v8-m.main+fp/hard\libcr_eabihelpers.a(float.o)
                0x0000a5a4                __aeabi_f2d
 .text.DbgConsole_PrintCallback
                0x0000a5dc       0x66 ./utilities/fsl_debug_console.o
 .text.DbgConsole_Printf
                0x0000a642       0x2c ./utilities/fsl_debug_console.o
                0x0000a642                DbgConsole_Printf
 .text.PrintGetWidth
                0x0000a66e       0x6a ./utilities/fsl_str.o
 .text.PrintGetPrecision
                0x0000a6d8       0x8c ./utilities/fsl_str.o
 .text.PrintIsobpu
                0x0000a764       0x38 ./utilities/fsl_str.o
 .text.PrintIsdi
                0x0000a79c       0x2c ./utilities/fsl_str.o
 .text.PrintOutputdifFobpu
                0x0000a7c8       0x44 ./utilities/fsl_str.o
 .text.PrintOutputxX
                0x0000a80c       0x44 ./utilities/fsl_str.o
 .text.PrintIsfF
                0x0000a850       0x2c ./utilities/fsl_str.o
 .text.PrintIsxX
                0x0000a87c       0x2c ./utilities/fsl_str.o
 .text.PrintFilterLengthFlag
                0x0000a8a8       0x3e ./utilities/fsl_str.o
 .text.PrintGetRadixFromobpu
                0x0000a8e6       0x40 ./utilities/fsl_str.o
 .text.ConvertRadixNumToString
                0x0000a926       0xc2 ./utilities/fsl_str.o
 .text.StrFormatPrintf
                0x0000a9e8      0x2f0 ./utilities/fsl_str.o
                0x0000a9e8                StrFormatPrintf
 .text.WDT_BOD_IRQHandler
                0x0000acd8        0x8 ./startup/startup_lpc55s69_cm33_core0.o
                0x0000acd8                WDT_BOD_IRQHandler
 .text.DMA0_IRQHandler
                0x0000ace0        0x8 ./startup/startup_lpc55s69_cm33_core0.o
                0x0000ace0                DMA0_IRQHandler
 .text.GINT0_IRQHandler
                0x0000ace8        0x8 ./startup/startup_lpc55s69_cm33_core0.o
                0x0000ace8                GINT0_IRQHandler
 .text.GINT1_IRQHandler
                0x0000acf0        0x8 ./startup/startup_lpc55s69_cm33_core0.o
                0x0000acf0                GINT1_IRQHandler
 .text.PIN_INT0_IRQHandler
                0x0000acf8        0x8 ./startup/startup_lpc55s69_cm33_core0.o
                0x0000acf8                PIN_INT0_IRQHandler
 .text.PIN_INT1_IRQHandler
                0x0000ad00        0x8 ./startup/startup_lpc55s69_cm33_core0.o
                0x0000ad00                PIN_INT1_IRQHandler
 .text.PIN_INT2_IRQHandler
                0x0000ad08        0x8 ./startup/startup_lpc55s69_cm33_core0.o
                0x0000ad08                PIN_INT2_IRQHandler
 .text.PIN_INT3_IRQHandler
                0x0000ad10        0x8 ./startup/startup_lpc55s69_cm33_core0.o
                0x0000ad10                PIN_INT3_IRQHandler
 .text.UTICK0_IRQHandler
                0x0000ad18        0x8 ./startup/startup_lpc55s69_cm33_core0.o
                0x0000ad18                UTICK0_IRQHandler
 .text.MRT0_IRQHandler
                0x0000ad20        0x8 ./startup/startup_lpc55s69_cm33_core0.o
                0x0000ad20                MRT0_IRQHandler
 .text.CTIMER0_IRQHandler
                0x0000ad28        0x8 ./startup/startup_lpc55s69_cm33_core0.o
                0x0000ad28                CTIMER0_IRQHandler
 .text.CTIMER1_IRQHandler
                0x0000ad30        0x8 ./startup/startup_lpc55s69_cm33_core0.o
                0x0000ad30                CTIMER1_IRQHandler
 .text.SCT0_IRQHandler
                0x0000ad38        0x8 ./startup/startup_lpc55s69_cm33_core0.o
                0x0000ad38                SCT0_IRQHandler
 .text.CTIMER3_IRQHandler
                0x0000ad40        0x8 ./startup/startup_lpc55s69_cm33_core0.o
                0x0000ad40                CTIMER3_IRQHandler
 .text.FLEXCOMM0_IRQHandler
                0x0000ad48        0x8 ./startup/startup_lpc55s69_cm33_core0.o
                0x0000ad48                FLEXCOMM0_IRQHandler
 .text.FLEXCOMM1_IRQHandler
                0x0000ad50        0x8 ./startup/startup_lpc55s69_cm33_core0.o
                0x0000ad50                FLEXCOMM1_IRQHandler
 .text.FLEXCOMM2_IRQHandler
                0x0000ad58        0x8 ./startup/startup_lpc55s69_cm33_core0.o
                0x0000ad58                FLEXCOMM2_IRQHandler
 .text.FLEXCOMM3_IRQHandler
                0x0000ad60        0x8 ./startup/startup_lpc55s69_cm33_core0.o
                0x0000ad60                FLEXCOMM3_IRQHandler
 .text.FLEXCOMM4_IRQHandler
                0x0000ad68        0x8 ./startup/startup_lpc55s69_cm33_core0.o
                0x0000ad68                FLEXCOMM4_IRQHandler
 .text.FLEXCOMM5_IRQHandler
                0x0000ad70        0x8 ./startup/startup_lpc55s69_cm33_core0.o
                0x0000ad70                FLEXCOMM5_IRQHandler
 .text.FLEXCOMM6_IRQHandler
                0x0000ad78        0x8 ./startup/startup_lpc55s69_cm33_core0.o
                0x0000ad78                FLEXCOMM6_IRQHandler
 .text.FLEXCOMM7_IRQHandler
                0x0000ad80        0x8 ./startup/startup_lpc55s69_cm33_core0.o
                0x0000ad80                FLEXCOMM7_IRQHandler
 .text.ADC0_IRQHandler
                0x0000ad88        0x8 ./startup/startup_lpc55s69_cm33_core0.o
                0x0000ad88                ADC0_IRQHandler
 .text.Reserved39_IRQHandler
                0x0000ad90        0x8 ./startup/startup_lpc55s69_cm33_core0.o
                0x0000ad90                Reserved39_IRQHandler
 .text.ACMP_IRQHandler
                0x0000ad98        0x8 ./startup/startup_lpc55s69_cm33_core0.o
                0x0000ad98                ACMP_IRQHandler
 .text.Reserved41_IRQHandler
                0x0000ada0        0x8 ./startup/startup_lpc55s69_cm33_core0.o
                0x0000ada0                Reserved41_IRQHandler
 .text.Reserved42_IRQHandler
                0x0000ada8        0x8 ./startup/startup_lpc55s69_cm33_core0.o
                0x0000ada8                Reserved42_IRQHandler
 .text.USB0_NEEDCLK_IRQHandler
                0x0000adb0        0x8 ./startup/startup_lpc55s69_cm33_core0.o
                0x0000adb0                USB0_NEEDCLK_IRQHandler
 .text.USB0_IRQHandler
                0x0000adb8        0x8 ./startup/startup_lpc55s69_cm33_core0.o
                0x0000adb8                USB0_IRQHandler
 .text.RTC_IRQHandler
                0x0000adc0        0x8 ./startup/startup_lpc55s69_cm33_core0.o
                0x0000adc0                RTC_IRQHandler
 .text.Reserved46_IRQHandler
                0x0000adc8        0x8 ./startup/startup_lpc55s69_cm33_core0.o
                0x0000adc8                Reserved46_IRQHandler
 .text.MAILBOX_IRQHandler
                0x0000add0        0x8 ./startup/startup_lpc55s69_cm33_core0.o
                0x0000add0                MAILBOX_IRQHandler
 .text.PIN_INT4_IRQHandler
                0x0000add8        0x8 ./startup/startup_lpc55s69_cm33_core0.o
                0x0000add8                PIN_INT4_IRQHandler
 .text.PIN_INT5_IRQHandler
                0x0000ade0        0x8 ./startup/startup_lpc55s69_cm33_core0.o
                0x0000ade0                PIN_INT5_IRQHandler
 .text.PIN_INT6_IRQHandler
                0x0000ade8        0x8 ./startup/startup_lpc55s69_cm33_core0.o
                0x0000ade8                PIN_INT6_IRQHandler
 .text.PIN_INT7_IRQHandler
                0x0000adf0        0x8 ./startup/startup_lpc55s69_cm33_core0.o
                0x0000adf0                PIN_INT7_IRQHandler
 .text.CTIMER2_IRQHandler
                0x0000adf8        0x8 ./startup/startup_lpc55s69_cm33_core0.o
                0x0000adf8                CTIMER2_IRQHandler
 .text.CTIMER4_IRQHandler
                0x0000ae00        0x8 ./startup/startup_lpc55s69_cm33_core0.o
                0x0000ae00                CTIMER4_IRQHandler
 .text.OS_EVENT_IRQHandler
                0x0000ae08        0x8 ./startup/startup_lpc55s69_cm33_core0.o
                0x0000ae08                OS_EVENT_IRQHandler
 .text.Reserved55_IRQHandler
                0x0000ae10        0x8 ./startup/startup_lpc55s69_cm33_core0.o
                0x0000ae10                Reserved55_IRQHandler
 .text.Reserved56_IRQHandler
                0x0000ae18        0x8 ./startup/startup_lpc55s69_cm33_core0.o
                0x0000ae18                Reserved56_IRQHandler
 .text.Reserved57_IRQHandler
                0x0000ae20        0x8 ./startup/startup_lpc55s69_cm33_core0.o
                0x0000ae20                Reserved57_IRQHandler
 .text.SDIO_IRQHandler
                0x0000ae28        0x8 ./startup/startup_lpc55s69_cm33_core0.o
                0x0000ae28                SDIO_IRQHandler
 .text.Reserved59_IRQHandler
                0x0000ae30        0x8 ./startup/startup_lpc55s69_cm33_core0.o
                0x0000ae30                Reserved59_IRQHandler
 .text.Reserved60_IRQHandler
                0x0000ae38        0x8 ./startup/startup_lpc55s69_cm33_core0.o
                0x0000ae38                Reserved60_IRQHandler
 .text.Reserved61_IRQHandler
                0x0000ae40        0x8 ./startup/startup_lpc55s69_cm33_core0.o
                0x0000ae40                Reserved61_IRQHandler
 .text.USB1_PHY_IRQHandler
                0x0000ae48        0x8 ./startup/startup_lpc55s69_cm33_core0.o
                0x0000ae48                USB1_PHY_IRQHandler
 .text.USB1_IRQHandler
                0x0000ae50        0x8 ./startup/startup_lpc55s69_cm33_core0.o
                0x0000ae50                USB1_IRQHandler
 .text.USB1_NEEDCLK_IRQHandler
                0x0000ae58        0x8 ./startup/startup_lpc55s69_cm33_core0.o
                0x0000ae58                USB1_NEEDCLK_IRQHandler
 .text.SEC_HYPERVISOR_CALL_IRQHandler
                0x0000ae60        0x8 ./startup/startup_lpc55s69_cm33_core0.o
                0x0000ae60                SEC_HYPERVISOR_CALL_IRQHandler
 .text.SEC_GPIO_INT0_IRQ0_IRQHandler
                0x0000ae68        0x8 ./startup/startup_lpc55s69_cm33_core0.o
                0x0000ae68                SEC_GPIO_INT0_IRQ0_IRQHandler
 .text.SEC_GPIO_INT0_IRQ1_IRQHandler
                0x0000ae70        0x8 ./startup/startup_lpc55s69_cm33_core0.o
                0x0000ae70                SEC_GPIO_INT0_IRQ1_IRQHandler
 .text.PLU_IRQHandler
                0x0000ae78        0x8 ./startup/startup_lpc55s69_cm33_core0.o
                0x0000ae78                PLU_IRQHandler
 .text.SEC_VIO_IRQHandler
                0x0000ae80        0x8 ./startup/startup_lpc55s69_cm33_core0.o
                0x0000ae80                SEC_VIO_IRQHandler
 .text.HASHCRYPT_IRQHandler
                0x0000ae88        0x8 ./startup/startup_lpc55s69_cm33_core0.o
                0x0000ae88                HASHCRYPT_IRQHandler
 .text.CASER_IRQHandler
                0x0000ae90        0x8 ./startup/startup_lpc55s69_cm33_core0.o
                0x0000ae90                CASER_IRQHandler
 .text.PUF_IRQHandler
                0x0000ae98        0x8 ./startup/startup_lpc55s69_cm33_core0.o
                0x0000ae98                PUF_IRQHandler
 .text.PQ_IRQHandler
                0x0000aea0        0x8 ./startup/startup_lpc55s69_cm33_core0.o
                0x0000aea0                PQ_IRQHandler
 .text.DMA1_IRQHandler
                0x0000aea8        0x8 ./startup/startup_lpc55s69_cm33_core0.o
                0x0000aea8                DMA1_IRQHandler
 .text.FLEXCOMM8_IRQHandler
                0x0000aeb0        0x8 ./startup/startup_lpc55s69_cm33_core0.o
                0x0000aeb0                FLEXCOMM8_IRQHandler
 .text.bmp280_init_default_params
                0x0000aeb8       0x38 ./source/bmp280.o
                0x0000aeb8                bmp280_init_default_params
 .text.read_register16
                0x0000aef0       0x86 ./source/bmp280.o
 .text.read_data
                0x0000af76       0x76 ./source/bmp280.o
 .text.read_calibration_data
                0x0000afec      0x104 ./source/bmp280.o
 .text.read_hum_calibration_data
                0x0000b0f0       0xc0 ./source/bmp280.o
 .text.write_register8
                0x0000b1b0       0x4e ./source/bmp280.o
 .text.bmp280_init
                0x0000b1fe      0x15a ./source/bmp280.o
                0x0000b1fe                bmp280_init
 .text.compensate_temperature
                0x0000b358       0x72 ./source/bmp280.o
 .text.compensate_pressure
                0x0000b3ca      0x57c ./source/bmp280.o
 .text.compensate_humidity
                0x0000b946       0xbe ./source/bmp280.o
 .text.bmp280_read_fixed
                0x0000ba04       0xca ./source/bmp280.o
                0x0000ba04                bmp280_read_fixed
 .text.I2C_MasterRepeatedStart
                0x0000bace       0x26 ./source/platform.o
 .text.RdByte   0x0000baf4       0x90 ./source/platform.o
                0x0000baf4                RdByte
 .text.WrByte   0x0000bb84       0x6c ./source/platform.o
                0x0000bb84                WrByte
 .text.WrMulti  0x0000bbf0       0x7c ./source/platform.o
                0x0000bbf0                WrMulti
 .text.RdMulti  0x0000bc6c       0x92 ./source/platform.o
                0x0000bc6c                RdMulti
 .text.SwapBuffer
                0x0000bcfe       0x70 ./source/platform.o
                0x0000bcfe                SwapBuffer
 .text.WaitMs   0x0000bd6e       0x36 ./source/platform.o
                0x0000bd6e                WaitMs
 .text.HardFault_Handler
                0x0000bda4       0x2c ./source/semihost_hardfault.o
                0x0000bda4                HardFault_Handler
 .text.GPIO_PinWrite
                0x0000bdd0       0x2a ./source/tofcam.o
 .text._vl53l5cx_poll_for_answer
                0x0000bdfa       0xa4 ./source/vl53l5cx_api.o
 .text.vl53l5cx_is_alive
                0x0000be9e       0x92 ./source/vl53l5cx_api.o
                0x0000be9e                vl53l5cx_is_alive
 .text.vl53l5cx_get_resolution
                0x0000bf30       0x4a ./source/vl53l5cx_api.o
                0x0000bf30                vl53l5cx_get_resolution
 .text.vl53l5cx_set_resolution
                0x0000bf7a      0x1a8 ./source/vl53l5cx_api.o
                0x0000bf7a                vl53l5cx_set_resolution
 .text.vl53l5cx_set_ranging_frequency_hz
                0x0000c122       0x42 ./source/vl53l5cx_api.o
                0x0000c122                vl53l5cx_set_ranging_frequency_hz
 .text.vl53l5cx_set_ranging_mode
                0x0000c164       0xae ./source/vl53l5cx_api.o
                0x0000c164                vl53l5cx_set_ranging_mode
 .text.vl53l5cx_dci_write_data
                0x0000c212      0x146 ./source/vl53l5cx_api.o
                0x0000c212                vl53l5cx_dci_write_data
 .text.vl53l5cx_dci_replace_data
                0x0000c358       0x58 ./source/vl53l5cx_api.o
                0x0000c358                vl53l5cx_dci_replace_data
 .text.http_head_parser
                0x0000c3b0       0x74 ./source/wlan_mwm.o
                0x0000c3b0                http_head_parser
 .text.vPortSVCHandler_C
                0x0000c424       0x30 ./freertos/freertos_kernel/portable/GCC/ARM_CM33_NTZ/non_secure/port.o
                0x0000c424                vPortSVCHandler_C
 .text.ulSetInterruptMask
                0x0000c454       0x1a ./freertos/freertos_kernel/portable/GCC/ARM_CM33_NTZ/non_secure/portasm.o
                0x0000c454                ulSetInterruptMask
 .text.vClearInterruptMask
                0x0000c46e       0x10 ./freertos/freertos_kernel/portable/GCC/ARM_CM33_NTZ/non_secure/portasm.o
                0x0000c46e                vClearInterruptMask
 .text.xEventGroupCreate
                0x0000c47e       0x2e ./freertos/freertos_kernel/event_groups.o
                0x0000c47e                xEventGroupCreate
 .text.xEventGroupWaitBits
                0x0000c4ac      0x14c ./freertos/freertos_kernel/event_groups.o
                0x0000c4ac                xEventGroupWaitBits
 .text.xEventGroupClearBits
                0x0000c5f8       0x50 ./freertos/freertos_kernel/event_groups.o
                0x0000c5f8                xEventGroupClearBits
 .text.xEventGroupSetBits
                0x0000c648       0xf6 ./freertos/freertos_kernel/event_groups.o
                0x0000c648                xEventGroupSetBits
 .text.vEventGroupDelete
                0x0000c73e       0x52 ./freertos/freertos_kernel/event_groups.o
                0x0000c73e                vEventGroupDelete
 .text.vEventGroupSetBitsCallback
                0x0000c790       0x1a ./freertos/freertos_kernel/event_groups.o
                0x0000c790                vEventGroupSetBitsCallback
 .text.prvTestWaitCondition
                0x0000c7aa       0x44 ./freertos/freertos_kernel/event_groups.o
 .text.vListInitialise
                0x0000c7ee       0x40 ./freertos/freertos_kernel/list.o
                0x0000c7ee                vListInitialise
 .text.vListInitialiseItem
                0x0000c82e       0x1a ./freertos/freertos_kernel/list.o
                0x0000c82e                vListInitialiseItem
 .text.vListInsertEnd
                0x0000c848       0x48 ./freertos/freertos_kernel/list.o
                0x0000c848                vListInsertEnd
 .text.vListInsert
                0x0000c890       0x72 ./freertos/freertos_kernel/list.o
                0x0000c890                vListInsert
 .text.uxListRemove
                0x0000c902       0x54 ./freertos/freertos_kernel/list.o
                0x0000c902                uxListRemove
 .text.xQueueGenericReset
                0x0000c956       0xb0 ./freertos/freertos_kernel/queue.o
                0x0000c956                xQueueGenericReset
 .text.xQueueGenericCreate
                0x0000ca06       0x8e ./freertos/freertos_kernel/queue.o
                0x0000ca06                xQueueGenericCreate
 .text.prvInitialiseNewQueue
                0x0000ca94       0x46 ./freertos/freertos_kernel/queue.o
 .text.prvInitialiseMutex
                0x0000cada       0x34 ./freertos/freertos_kernel/queue.o
 .text.xQueueCreateMutex
                0x0000cb0e       0x30 ./freertos/freertos_kernel/queue.o
                0x0000cb0e                xQueueCreateMutex
 .text.xQueueGenericSend
                0x0000cb3e      0x192 ./freertos/freertos_kernel/queue.o
                0x0000cb3e                xQueueGenericSend
 .text.xQueueGenericSendFromISR
                0x0000ccd0       0xf0 ./freertos/freertos_kernel/queue.o
                0x0000ccd0                xQueueGenericSendFromISR
 .text.xQueueReceive
                0x0000cdc0      0x172 ./freertos/freertos_kernel/queue.o
                0x0000cdc0                xQueueReceive
 .text.xQueueSemaphoreTake
                0x0000cf32      0x1be ./freertos/freertos_kernel/queue.o
                0x0000cf32                xQueueSemaphoreTake
 .text.vQueueDelete
                0x0000d0f0       0x2c ./freertos/freertos_kernel/queue.o
                0x0000d0f0                vQueueDelete
 .text.prvGetDisinheritPriorityAfterTimeout
                0x0000d11c       0x30 ./freertos/freertos_kernel/queue.o
 .text.prvCopyDataToQueue
                0x0000d14c       0xd4 ./freertos/freertos_kernel/queue.o
 .text.prvCopyDataFromQueue
                0x0000d220       0x4c ./freertos/freertos_kernel/queue.o
 .text.prvUnlockQueue
                0x0000d26c       0xa4 ./freertos/freertos_kernel/queue.o
 .text.prvIsQueueEmpty
                0x0000d310       0x2c ./freertos/freertos_kernel/queue.o
 .text.prvIsQueueFull
                0x0000d33c       0x30 ./freertos/freertos_kernel/queue.o
 .text.vQueueWaitForMessageRestricted
                0x0000d36c       0x68 ./freertos/freertos_kernel/queue.o
                0x0000d36c                vQueueWaitForMessageRestricted
 .text.xTaskCreate
                0x0000d3d4       0x82 ./freertos/freertos_kernel/tasks.o
                0x0000d3d4                xTaskCreate
 .text.prvInitialiseNewTask
                0x0000d456      0x12e ./freertos/freertos_kernel/tasks.o
 .text.prvDeleteTCB
                0x0000d584       0x20 ./freertos/freertos_kernel/tasks.o
 .text.prvTimerTask
                0x0000d5a4       0x24 ./freertos/freertos_kernel/timers.o
 .text.USART_RTOS_Deinit
                0x0000d5c8       0x6c ./drivers/freertos/fsl_usart_freertos.o
                0x0000d5c8                USART_RTOS_Deinit
 .text.USART_RTOS_Send
                0x0000d634       0xc4 ./drivers/freertos/fsl_usart_freertos.o
                0x0000d634                USART_RTOS_Send
 .text.USART_RTOS_Receive
                0x0000d6f8      0x12e ./drivers/freertos/fsl_usart_freertos.o
                0x0000d6f8                USART_RTOS_Receive
 .text.CLOCK_IsPLL0Locked
                0x0000d826       0x24 ./drivers/fsl_clock.o
 .text.CLOCK_GetFlexCommClkFreq
                0x0000d84a       0x9a ./drivers/fsl_clock.o
                0x0000d84a                CLOCK_GetFlexCommClkFreq
 .text.findPll0PreDiv
                0x0000d8e4       0x3e ./drivers/fsl_clock.o
 .text.DelayLoop
                0x0000d922       0x20 ./drivers/fsl_common_arm.o
 .text.CLOCK_EnableClock
                0x0000d942       0x30 ./drivers/fsl_flexcomm.o
 .text.FLEXCOMM_PeripheralIsPresent
                0x0000d972       0x64 ./drivers/fsl_flexcomm.o
 .text.FLEXCOMM_SetPeriph
                0x0000d9d6       0x74 ./drivers/fsl_flexcomm.o
 .text.CLOCK_EnableClock
                0x0000da4a       0x30 ./drivers/fsl_gpio.o
 .text.GPIO_PinInit
                0x0000da7a       0xa4 ./drivers/fsl_gpio.o
                0x0000da7a                GPIO_PinInit
 .text.I2C_MasterEnable
                0x0000db1e       0x44 ./drivers/fsl_i2c.o
 .text.I2C_MasterInit
                0x0000db62       0x44 ./drivers/fsl_i2c.o
                0x0000db62                I2C_MasterInit
 .text.I2C_GetStatusFlags
                0x0000dba6       0x88 ./drivers/fsl_i2c.o
                0x0000dba6                I2C_GetStatusFlags
 .text.I2C_MasterStart
                0x0000dc2e       0x46 ./drivers/fsl_i2c.o
                0x0000dc2e                I2C_MasterStart
 .text.I2C_MasterStop
                0x0000dc74       0x2c ./drivers/fsl_i2c.o
                0x0000dc74                I2C_MasterStop
 .text.INPUTMUX_AttachSignal
                0x0000dca0       0x38 ./drivers/fsl_inputmux.o
                0x0000dca0                INPUTMUX_AttachSignal
 .text.CLOCK_EnableClock
                0x0000dcd8       0x30 ./drivers/fsl_pint.o
 .text.PINT_PinInterruptClrFallFlag
                0x0000dd08       0x22 ./drivers/fsl_pint.o
 .text.PINT_PinInterruptClrRiseFlag
                0x0000dd2a       0x22 ./drivers/fsl_pint.o
 .text.PINT_PatternMatchResetDetectLogic
                0x0000dd4c       0x34 ./drivers/fsl_pint.o
                0x0000dd4c                PINT_PatternMatchResetDetectLogic
 .text.PINT_PinInterruptClrStatus
                0x0000dd80       0x4e ./drivers/fsl_pint.o
                0x0000dd80                PINT_PinInterruptClrStatus
 .text.lowpower_set_voltage_for_process
                0x0000ddce       0xaa ./drivers/fsl_power.o
 .text.RESET_PeripheralReset
                0x0000de78       0x1c ./drivers/fsl_reset.o
                0x0000de78                RESET_PeripheralReset
 .text.SPI_Enable
                0x0000de94       0x40 ./drivers/fsl_spi.o
 .text.EnableIRQ
                0x0000ded4       0x32 ./drivers/fsl_usart.o
 .text.USART_EnableContinuousSCLK
                0x0000df06       0x38 ./drivers/fsl_usart.o
 .text.SystemInitHook
                0x0000df3e        0xe ./device/system_LPC55S69_cm33_core0.o
                0x0000df3e                SystemInitHook
 .text.HAL_UartGetStatus
                0x0000df4c       0x22 ./component/uart/fsl_adapter_usart.o
 .text.HAL_UartInit
                0x0000df6e       0x36 ./component/uart/fsl_adapter_usart.o
                0x0000df6e                HAL_UartInit
 .text.mwm_init
                0x0000dfa4       0x1c ./component/serial_mwm/serial_mwm.o
                0x0000dfa4                mwm_init
 .text.read_string_max
                0x0000dfc0       0x64 ./component/serial_mwm/serial_mwm.o
 .text.read_end
                0x0000e024       0x32 ./component/serial_mwm/serial_mwm.o
 .text.read_whole_response
                0x0000e056       0x9c ./component/serial_mwm/serial_mwm.o
 .text.find_val
                0x0000e0f2       0xb4 ./component/serial_mwm/serial_mwm.o
 .text.mwm_cmd  0x0000e1a6       0x74 ./component/serial_mwm/serial_mwm.o
 .text.DisableGlobalIRQ
                0x0000e21a       0x22 ./component/serial_manager/fsl_component_serial_manager.o
 .text.EnableGlobalIRQ
                0x0000e23c       0x20 ./component/serial_manager/fsl_component_serial_manager.o
 .text.SerialManager_StartWriting
                0x0000e25c       0x38 ./component/serial_manager/fsl_component_serial_manager.o
 .text.SerialManager_Write
                0x0000e294       0x44 ./component/serial_manager/fsl_component_serial_manager.o
 .text.SerialManager_Init
                0x0000e2d8       0x60 ./component/serial_manager/fsl_component_serial_manager.o
                0x0000e2d8                SerialManager_Init
 .text.SerialManager_OpenWriteHandle
                0x0000e338       0x50 ./component/serial_manager/fsl_component_serial_manager.o
                0x0000e338                SerialManager_OpenWriteHandle
 .text.SerialManager_OpenReadHandle
                0x0000e388       0x60 ./component/serial_manager/fsl_component_serial_manager.o
                0x0000e388                SerialManager_OpenReadHandle
 .text.SerialManager_WriteBlocking
                0x0000e3e8       0x20 ./component/serial_manager/fsl_component_serial_manager.o
                0x0000e3e8                SerialManager_WriteBlocking
 .text.Serial_UartInit
                0x0000e408       0x3e ./component/serial_manager/fsl_component_serial_port_uart.o
                0x0000e408                Serial_UartInit
 .text.Serial_UartWrite
                0x0000e446       0x38 ./component/serial_manager/fsl_component_serial_port_uart.o
                0x0000e446                Serial_UartWrite
 .text.BOARD_InitBootClocks
                0x0000e47e        0xc ./board/clock_config.o
                0x0000e47e                BOARD_InitBootClocks
 .text.BOARD_InitPeripherals_cm33_core0
                0x0000e48a       0x18 ./board/peripherals.o
                0x0000e48a                BOARD_InitPeripherals_cm33_core0
 .text.BOARD_InitBootPeripherals
                0x0000e4a2        0xc ./board/peripherals.o
                0x0000e4a2                BOARD_InitBootPeripherals
 .text.CLOCK_EnableClock
                0x0000e4ae       0x30 ./board/pin_mux.o
 .text.IOCON_PinMuxSet
                0x0000e4de       0x2e ./board/pin_mux.o
 .text.BOARD_InitBootPins
                0x0000e50c       0x18 ./board/pin_mux.o
                0x0000e50c                BOARD_InitBootPins
 .text.__main   0x0000e524        0xe m:/oprogramowanie/mcuxpressoide_11.6.1_8255/ide/plugins/com.nxp.mcuxpresso.tools.win32_11.6.1.202207200623/tools/bin/../lib/gcc/arm-none-eabi/10.3.1/../../../../arm-none-eabi/lib/thumb/v8-m.main+fp/hard\libcr_nohost_nf.a(_cr__main.o)
                0x0000e524                __main
 .text.memcpy   0x0000e532        0x4 m:/oprogramowanie/mcuxpressoide_11.6.1_8255/ide/plugins/com.nxp.mcuxpresso.tools.win32_11.6.1.202207200623/tools/bin/../lib/gcc/arm-none-eabi/10.3.1/../../../../arm-none-eabi/lib/thumb/v8-m.main+fp/hard\libcr_c.a(memcpy.o)
                0x0000e532                memcpy
 .text.memset   0x0000e536        0x4 m:/oprogramowanie/mcuxpressoide_11.6.1_8255/ide/plugins/com.nxp.mcuxpresso.tools.win32_11.6.1.202207200623/tools/bin/../lib/gcc/arm-none-eabi/10.3.1/../../../../arm-none-eabi/lib/thumb/v8-m.main+fp/hard\libcr_c.a(memset.o)
                0x0000e536                memset
 .text.free     0x0000e53a       0x30 m:/oprogramowanie/mcuxpressoide_11.6.1_8255/ide/plugins/com.nxp.mcuxpresso.tools.win32_11.6.1.202207200623/tools/bin/../lib/gcc/arm-none-eabi/10.3.1/../../../../arm-none-eabi/lib/thumb/v8-m.main+fp/hard\libcr_c.a(alloc.o)
                0x0000e53a                free
 .text.fp_round
                0x0000e56a       0x4c m:/oprogramowanie/mcuxpressoide_11.6.1_8255/ide/plugins/com.nxp.mcuxpresso.tools.win32_11.6.1.202207200623/tools/bin/../lib/gcc/arm-none-eabi/10.3.1/../../../../arm-none-eabi/lib/thumb/v8-m.main+fp/hard\libcr_c.a(fpprintf.o)
 .text.pr_dec.constprop.0
                0x0000e5b6       0x26 m:/oprogramowanie/mcuxpressoide_11.6.1_8255/ide/plugins/com.nxp.mcuxpresso.tools.win32_11.6.1.202207200623/tools/bin/../lib/gcc/arm-none-eabi/10.3.1/../../../../arm-none-eabi/lib/thumb/v8-m.main+fp/hard\libcr_c.a(fpprintf.o)
 .text.setvbuf  0x0000e5dc       0x3e m:/oprogramowanie/mcuxpressoide_11.6.1_8255/ide/plugins/com.nxp.mcuxpresso.tools.win32_11.6.1.202207200623/tools/bin/../lib/gcc/arm-none-eabi/10.3.1/../../../../arm-none-eabi/lib/thumb/v8-m.main+fp/hard\libcr_c.a(setvbuf.o)
                0x0000e5dc                setvbuf
 .text.strcmp   0x0000e61a       0x44 m:/oprogramowanie/mcuxpressoide_11.6.1_8255/ide/plugins/com.nxp.mcuxpresso.tools.win32_11.6.1.202207200623/tools/bin/../lib/gcc/arm-none-eabi/10.3.1/../../../../arm-none-eabi/lib/thumb/v8-m.main+fp/hard\libcr_c.a(strcmp.o)
                0x0000e61a                strcmp
 .text.strcpy   0x0000e65e       0x42 m:/oprogramowanie/mcuxpressoide_11.6.1_8255/ide/plugins/com.nxp.mcuxpresso.tools.win32_11.6.1.202207200623/tools/bin/../lib/gcc/arm-none-eabi/10.3.1/../../../../arm-none-eabi/lib/thumb/v8-m.main+fp/hard\libcr_c.a(strcpy.o)
                0x0000e65e                strcpy
 .text.strlen   0x0000e6a0       0x48 m:/oprogramowanie/mcuxpressoide_11.6.1_8255/ide/plugins/com.nxp.mcuxpresso.tools.win32_11.6.1.202207200623/tools/bin/../lib/gcc/arm-none-eabi/10.3.1/../../../../arm-none-eabi/lib/thumb/v8-m.main+fp/hard\libcr_c.a(strlen.o)
                0x0000e6a0                strlen
 .text.strncmp  0x0000e6e8       0x56 m:/oprogramowanie/mcuxpressoide_11.6.1_8255/ide/plugins/com.nxp.mcuxpresso.tools.win32_11.6.1.202207200623/tools/bin/../lib/gcc/arm-none-eabi/10.3.1/../../../../arm-none-eabi/lib/thumb/v8-m.main+fp/hard\libcr_c.a(strncmp.o)
                0x0000e6e8                strncmp
 .text.strstr   0x0000e73e       0x20 m:/oprogramowanie/mcuxpressoide_11.6.1_8255/ide/plugins/com.nxp.mcuxpresso.tools.win32_11.6.1.202207200623/tools/bin/../lib/gcc/arm-none-eabi/10.3.1/../../../../arm-none-eabi/lib/thumb/v8-m.main+fp/hard\libcr_c.a(strstr.o)
                0x0000e73e                strstr
 .text._deferredlazyseek
                0x0000e75e       0x40 m:/oprogramowanie/mcuxpressoide_11.6.1_8255/ide/plugins/com.nxp.mcuxpresso.tools.win32_11.6.1.202207200623/tools/bin/../lib/gcc/arm-none-eabi/10.3.1/../../../../arm-none-eabi/lib/thumb/v8-m.main+fp/hard\libcr_c.a(_deferredlazyseek.o)
                0x0000e75e                _deferredlazyseek
 .text.__flsbuf
                0x0000e79e      0x140 m:/oprogramowanie/mcuxpressoide_11.6.1_8255/ide/plugins/com.nxp.mcuxpresso.tools.win32_11.6.1.202207200623/tools/bin/../lib/gcc/arm-none-eabi/10.3.1/../../../../arm-none-eabi/lib/thumb/v8-m.main+fp/hard\libcr_c.a(_deferredlazyseek.o)
                0x0000e79e                __flsbuf
 .text._fdopen  0x0000e8de       0x68 m:/oprogramowanie/mcuxpressoide_11.6.1_8255/ide/plugins/com.nxp.mcuxpresso.tools.win32_11.6.1.202207200623/tools/bin/../lib/gcc/arm-none-eabi/10.3.1/../../../../arm-none-eabi/lib/thumb/v8-m.main+fp/hard\libcr_c.a(_fdopen.o)
                0x0000e8de                _fdopen
 .text._fflush  0x0000e946       0x52 m:/oprogramowanie/mcuxpressoide_11.6.1_8255/ide/plugins/com.nxp.mcuxpresso.tools.win32_11.6.1.202207200623/tools/bin/../lib/gcc/arm-none-eabi/10.3.1/../../../../arm-none-eabi/lib/thumb/v8-m.main+fp/hard\libcr_c.a(_fflush.o)
                0x0000e946                _fflush
 .text.fclose   0x0000e998       0x58 m:/oprogramowanie/mcuxpressoide_11.6.1_8255/ide/plugins/com.nxp.mcuxpresso.tools.win32_11.6.1.202207200623/tools/bin/../lib/gcc/arm-none-eabi/10.3.1/../../../../arm-none-eabi/lib/thumb/v8-m.main+fp/hard\libcr_c.a(fclose.o)
                0x0000e998                fclose
 .text.remove   0x0000e9f0       0x14 m:/oprogramowanie/mcuxpressoide_11.6.1_8255/ide/plugins/com.nxp.mcuxpresso.tools.win32_11.6.1.202207200623/tools/bin/../lib/gcc/arm-none-eabi/10.3.1/../../../../arm-none-eabi/lib/thumb/v8-m.main+fp/hard\libcr_c.a(remove.o)
                0x0000e9f0                remove
 .text._do_fflush
                0x0000ea04       0x40 m:/oprogramowanie/mcuxpressoide_11.6.1_8255/ide/plugins/com.nxp.mcuxpresso.tools.win32_11.6.1.202207200623/tools/bin/../lib/gcc/arm-none-eabi/10.3.1/../../../../arm-none-eabi/lib/thumb/v8-m.main+fp/hard\libcr_c.a(_do_fflush.o)
                0x0000ea04                _do_fflush
 .text.__aeabi_division_ldivmod
                0x0000ea44       0x26 m:/oprogramowanie/mcuxpressoide_11.6.1_8255/ide/plugins/com.nxp.mcuxpresso.tools.win32_11.6.1.202207200623/tools/bin/../lib/gcc/arm-none-eabi/10.3.1/thumb/v8-m.main+fp/hard\libcr_eabihelpers.a(division_64.o)
                0x0000ea44                __aeabi_ldivmod
 .text.__aeabi_division_uldivmod
                0x0000ea6a      0x174 m:/oprogramowanie/mcuxpressoide_11.6.1_8255/ide/plugins/com.nxp.mcuxpresso.tools.win32_11.6.1.202207200623/tools/bin/../lib/gcc/arm-none-eabi/10.3.1/thumb/v8-m.main+fp/hard\libcr_eabihelpers.a(division_64.o)
                0x0000ea6a                __aeabi_uldivmod
                0x0000ea6e                __bhs_ldivmod1
 .text.__aeabi_division_idiv0
                0x0000ebde        0x2 m:/oprogramowanie/mcuxpressoide_11.6.1_8255/ide/plugins/com.nxp.mcuxpresso.tools.win32_11.6.1.202207200623/tools/bin/../lib/gcc/arm-none-eabi/10.3.1/thumb/v8-m.main+fp/hard\libcr_eabihelpers.a(division_idiv0.o)
                0x0000ebde                __aeabi_idiv0
 .text.__aeabi_d2iz
                0x0000ebe0       0x40 m:/oprogramowanie/mcuxpressoide_11.6.1_8255/ide/plugins/com.nxp.mcuxpresso.tools.win32_11.6.1.202207200623/tools/bin/../lib/gcc/arm-none-eabi/10.3.1/thumb/v8-m.main+fp/hard\libcr_eabihelpers.a(double.o)
                0x0000ebe0                __aeabi_d2iz
 .text.__aeabi_d2lz
                0x0000ec20       0x74 m:/oprogramowanie/mcuxpressoide_11.6.1_8255/ide/plugins/com.nxp.mcuxpresso.tools.win32_11.6.1.202207200623/tools/bin/../lib/gcc/arm-none-eabi/10.3.1/thumb/v8-m.main+fp/hard\libcr_eabihelpers.a(double.o)
                0x0000ec20                __aeabi_d2lz
 .text.__bhs_ui2d
                0x0000ec94       0x46 m:/oprogramowanie/mcuxpressoide_11.6.1_8255/ide/plugins/com.nxp.mcuxpresso.tools.win32_11.6.1.202207200623/tools/bin/../lib/gcc/arm-none-eabi/10.3.1/thumb/v8-m.main+fp/hard\libcr_eabihelpers.a(double.o)
                0x0000ec94                __bhs_ui2d
 .text.__bhs_ul2d
                0x0000ecda       0x8a m:/oprogramowanie/mcuxpressoide_11.6.1_8255/ide/plugins/com.nxp.mcuxpresso.tools.win32_11.6.1.202207200623/tools/bin/../lib/gcc/arm-none-eabi/10.3.1/thumb/v8-m.main+fp/hard\libcr_eabihelpers.a(double.o)
                0x0000ecda                __bhs_ul2d
 .text.__aeabi_i2d
                0x0000ed64       0x12 m:/oprogramowanie/mcuxpressoide_11.6.1_8255/ide/plugins/com.nxp.mcuxpresso.tools.win32_11.6.1.202207200623/tools/bin/../lib/gcc/arm-none-eabi/10.3.1/thumb/v8-m.main+fp/hard\libcr_eabihelpers.a(double.o)
                0x0000ed64                __aeabi_i2d
 .text.__aeabi_ui2d
                0x0000ed76        0x8 m:/oprogramowanie/mcuxpressoide_11.6.1_8255/ide/plugins/com.nxp.mcuxpresso.tools.win32_11.6.1.202207200623/tools/bin/../lib/gcc/arm-none-eabi/10.3.1/thumb/v8-m.main+fp/hard\libcr_eabihelpers.a(double.o)
                0x0000ed76                __aeabi_ui2d
 .text.__aeabi_l2d
                0x0000ed7e       0x1c m:/oprogramowanie/mcuxpressoide_11.6.1_8255/ide/plugins/com.nxp.mcuxpresso.tools.win32_11.6.1.202207200623/tools/bin/../lib/gcc/arm-none-eabi/10.3.1/thumb/v8-m.main+fp/hard\libcr_eabihelpers.a(double.o)
                0x0000ed7e                __aeabi_l2d
 .text.__aeabi_dcmpeq
                0x0000ed9a       0x30 m:/oprogramowanie/mcuxpressoide_11.6.1_8255/ide/plugins/com.nxp.mcuxpresso.tools.win32_11.6.1.202207200623/tools/bin/../lib/gcc/arm-none-eabi/10.3.1/thumb/v8-m.main+fp/hard\libcr_eabihelpers.a(double.o)
                0x0000ed9a                __aeabi_dcmpeq
 .text.__aeabi_dcmplt
                0x0000edca       0x56 m:/oprogramowanie/mcuxpressoide_11.6.1_8255/ide/plugins/com.nxp.mcuxpresso.tools.win32_11.6.1.202207200623/tools/bin/../lib/gcc/arm-none-eabi/10.3.1/thumb/v8-m.main+fp/hard\libcr_eabihelpers.a(double.o)
                0x0000edca                __aeabi_dcmplt
 .text.__aeabi_dcmpgt
                0x0000ee20       0x56 m:/oprogramowanie/mcuxpressoide_11.6.1_8255/ide/plugins/com.nxp.mcuxpresso.tools.win32_11.6.1.202207200623/tools/bin/../lib/gcc/arm-none-eabi/10.3.1/thumb/v8-m.main+fp/hard\libcr_eabihelpers.a(double.o)
                0x0000ee20                __aeabi_dcmpgt
 .text.__aeabi_dcmple
                0x0000ee76       0x56 m:/oprogramowanie/mcuxpressoide_11.6.1_8255/ide/plugins/com.nxp.mcuxpresso.tools.win32_11.6.1.202207200623/tools/bin/../lib/gcc/arm-none-eabi/10.3.1/thumb/v8-m.main+fp/hard\libcr_eabihelpers.a(double.o)
                0x0000ee76                __aeabi_dcmple
 .text.__aeabi_dcmpge
                0x0000eecc       0x56 m:/oprogramowanie/mcuxpressoide_11.6.1_8255/ide/plugins/com.nxp.mcuxpresso.tools.win32_11.6.1.202207200623/tools/bin/../lib/gcc/arm-none-eabi/10.3.1/thumb/v8-m.main+fp/hard\libcr_eabihelpers.a(double.o)
                0x0000eecc                __aeabi_dcmpge
 .text.__aeabi_memcpy
                0x0000ef22       0x34 m:/oprogramowanie/mcuxpressoide_11.6.1_8255/ide/plugins/com.nxp.mcuxpresso.tools.win32_11.6.1.202207200623/tools/bin/../lib/gcc/arm-none-eabi/10.3.1/thumb/v8-m.main+fp/hard\libcr_eabihelpers.a(memcpy.o)
                0x0000ef22                __aeabi_memcpy
                0x0000ef2c                __aeabi_memcpy8
                0x0000ef2c                __aeabi_memcpy4
 .text.__aeabi_memset_lowlevel
                0x0000ef56       0x32 m:/oprogramowanie/mcuxpressoide_11.6.1_8255/ide/plugins/com.nxp.mcuxpresso.tools.win32_11.6.1.202207200623/tools/bin/../lib/gcc/arm-none-eabi/10.3.1/thumb/v8-m.main+fp/hard\libcr_eabihelpers.a(memcpy.o)
                0x0000ef56                __aeabi_lowlevel_memset
 .text.__sys_appexit
                0x0000ef88        0x2 m:/oprogramowanie/mcuxpressoide_11.6.1_8255/ide/plugins/com.nxp.mcuxpresso.tools.win32_11.6.1.202207200623/tools/bin/../lib/gcc/arm-none-eabi/10.3.1/../../../../arm-none-eabi/lib/thumb/v8-m.main+fp/hard\libcr_nohost_nf.a(__sys_appexit.o)
                0x0000ef88                __sys_appexit
                0x0000ef88                __exit
 .text.__sys_close
                0x0000ef8a        0x6 m:/oprogramowanie/mcuxpressoide_11.6.1_8255/ide/plugins/com.nxp.mcuxpresso.tools.win32_11.6.1.202207200623/tools/bin/../lib/gcc/arm-none-eabi/10.3.1/../../../../arm-none-eabi/lib/thumb/v8-m.main+fp/hard\libcr_nohost_nf.a(__sys_close.o)
                0x0000ef8a                __sys_close
 .text.__sys_flen
                0x0000ef90        0x6 m:/oprogramowanie/mcuxpressoide_11.6.1_8255/ide/plugins/com.nxp.mcuxpresso.tools.win32_11.6.1.202207200623/tools/bin/../lib/gcc/arm-none-eabi/10.3.1/../../../../arm-none-eabi/lib/thumb/v8-m.main+fp/hard\libcr_nohost_nf.a(__sys_flen.o)
                0x0000ef90                __sys_flen
 .text.__sys_istty
                0x0000ef96        0x6 m:/oprogramowanie/mcuxpressoide_11.6.1_8255/ide/plugins/com.nxp.mcuxpresso.tools.win32_11.6.1.202207200623/tools/bin/../lib/gcc/arm-none-eabi/10.3.1/../../../../arm-none-eabi/lib/thumb/v8-m.main+fp/hard\libcr_nohost_nf.a(__sys_istty.o)
                0x0000ef96                __sys_istty
 .text.__sys_remove
                0x0000ef9c        0x6 m:/oprogramowanie/mcuxpressoide_11.6.1_8255/ide/plugins/com.nxp.mcuxpresso.tools.win32_11.6.1.202207200623/tools/bin/../lib/gcc/arm-none-eabi/10.3.1/../../../../arm-none-eabi/lib/thumb/v8-m.main+fp/hard\libcr_nohost_nf.a(__sys_remove.o)
                0x0000ef9c                __sys_remove
 .text.__sys_seek
                0x0000efa2        0x6 m:/oprogramowanie/mcuxpressoide_11.6.1_8255/ide/plugins/com.nxp.mcuxpresso.tools.win32_11.6.1.202207200623/tools/bin/../lib/gcc/arm-none-eabi/10.3.1/../../../../arm-none-eabi/lib/thumb/v8-m.main+fp/hard\libcr_nohost_nf.a(__sys_seek.o)
                0x0000efa2                __sys_seek
 .text.__sys_tmpnam
                0x0000efa8        0x6 m:/oprogramowanie/mcuxpressoide_11.6.1_8255/ide/plugins/com.nxp.mcuxpresso.tools.win32_11.6.1.202207200623/tools/bin/../lib/gcc/arm-none-eabi/10.3.1/../../../../arm-none-eabi/lib/thumb/v8-m.main+fp/hard\libcr_nohost_nf.a(__sys_tmpnam.o)
                0x0000efa8                __sys_tmpnam
 .text.__sys_write
                0x0000efae        0x4 m:/oprogramowanie/mcuxpressoide_11.6.1_8255/ide/plugins/com.nxp.mcuxpresso.tools.win32_11.6.1.202207200623/tools/bin/../lib/gcc/arm-none-eabi/10.3.1/../../../../arm-none-eabi/lib/thumb/v8-m.main+fp/hard\libcr_nohost_nf.a(__sys_write.o)
                0x0000efae                __sys_write
 *freertos*/tasks.o(SORT_BY_ALIGNMENT(.rodata*))
 *fill*         0x0000efb2        0x2 ff
 .rodata.vTaskStartScheduler.str1.4
                0x0000efb4        0x5 ./freertos/freertos_kernel/tasks.o
 *(SORT_BY_ALIGNMENT(.rodata) SORT_BY_ALIGNMENT(.rodata.*) SORT_BY_ALIGNMENT(.constdata) SORT_BY_ALIGNMENT(.constdata.*))
 *fill*         0x0000efb9        0x7 ff
 .rodata.a1.1   0x0000efc0       0x88 m:/oprogramowanie/mcuxpressoide_11.6.1_8255/ide/plugins/com.nxp.mcuxpresso.tools.win32_11.6.1.202207200623/tools/bin/../lib/gcc/arm-none-eabi/10.3.1/../../../../arm-none-eabi/lib/thumb/v8-m.main+fp/hard\libcr_c.a(pow.o)
 .rodata.a2.0   0x0000f048       0x40 m:/oprogramowanie/mcuxpressoide_11.6.1_8255/ide/plugins/com.nxp.mcuxpresso.tools.win32_11.6.1.202207200623/tools/bin/../lib/gcc/arm-none-eabi/10.3.1/../../../../arm-none-eabi/lib/thumb/v8-m.main+fp/hard\libcr_c.a(pow.o)
 .rodata.__assertion_failed.str1.4
                0x0000f088       0x14 ./utilities/fsl_assert.o
 .rodata.main_task.str1.4
                0x0000f09c       0x81 ./source/tofcam.o
                                 0x88 (size before relaxing)
 *fill*         0x0000f11d        0x3 ff
 .rodata.cbToF_Ready.str1.4
                0x0000f120       0x31 ./source/tofcam.o
                                 0x35 (size before relaxing)
 *fill*         0x0000f151        0x3 ff
 .rodata.main.str1.4
                0x0000f154       0xd9 ./source/tofcam.o
 *fill*         0x0000f22d        0x3 ff
 .rodata.VL53L5CX_FIRMWARE
                0x0000f230    0x15000 ./source/vl53l5cx_api.o
                0x0000f230                VL53L5CX_FIRMWARE
 .rodata.VL53L5CX_DEFAULT_CONFIGURATION
                0x00024230      0x3cc ./source/vl53l5cx_api.o
                0x00024230                VL53L5CX_DEFAULT_CONFIGURATION
 .rodata.VL53L5CX_DEFAULT_XTALK
                0x000245fc      0x308 ./source/vl53l5cx_api.o
                0x000245fc                VL53L5CX_DEFAULT_XTALK
 .rodata.VL53L5CX_GET_NVM_CMD
                0x00024904       0x28 ./source/vl53l5cx_api.o
                0x00024904                VL53L5CX_GET_NVM_CMD
 .rodata        0x0002492c       0x64 ./source/vl53l5cx_api.o
 .rodata._vl53l5cx_send_xtalk_data.str1.4
                0x00024990        0x9 ./source/vl53l5cx_api.o
 *fill*         0x00024999        0x3 ff
 .rodata.wlan_get_state.str1.4
                0x0002499c       0x27 ./source/wlan_mwm.o
 *fill*         0x000249c3        0x1 ff
 .rodata.wlan_state.str1.4
                0x000249c4      0x233 ./source/wlan_mwm.o
                                0x23b (size before relaxing)
 *fill*         0x00024bf7        0x1 ff
 .rodata.wlan_scan.str1.4
                0x00024bf8       0x7b ./source/wlan_mwm.o
                                 0x7f (size before relaxing)
 *fill*         0x00024c73        0x1 ff
 .rodata.wlan_disconnect.str1.4
                0x00024c74       0x5c ./source/wlan_mwm.o
 .rodata.wlan_reboot.str1.4
                0x00024cd0       0x7c ./source/wlan_mwm.o
 .rodata.wlan_config.str1.4
                0x00024d4c       0x6b ./source/wlan_mwm.o
 *fill*         0x00024db7        0x1 ff
 .rodata.wlan_init.str1.4
                0x00024db8       0x79 ./source/wlan_mwm.o
 *fill*         0x00024e31        0x3 ff
 .rodata.http_POST.str1.4
                0x00024e34      0x114 ./source/wlan_mwm.o
 .rodata.http_GET.str1.4
                0x00024f48       0x25 ./source/wlan_mwm.o
 *fill*         0x00024f6d        0x3 ff
 .rodata.xTimerCreateTimerTask.str1.4
                0x00024f70        0x8 ./freertos/freertos_kernel/timers.o
 .rodata.prvCheckForValidListAndQueue.str1.4
                0x00024f78        0x5 ./freertos/freertos_kernel/timers.o
 *fill*         0x00024f7d        0x3 ff
 .rodata.CLOCK_GetFlexCommInputClock.str1.4
                0x00024f80       0x18 ./drivers/fsl_clock.o
 .rodata.SDK_DelayAtLeastUs.str1.4
                0x00024f98       0x2b ./drivers/fsl_common_arm.o
 *fill*         0x00024fc3        0x1 ff
 .rodata.s_flexcommBaseAddrs
                0x00024fc4       0x24 ./drivers/fsl_flexcomm.o
 .rodata.s_flexcommClocks
                0x00024fe8       0x12 ./drivers/fsl_flexcomm.o
 *fill*         0x00024ffa        0x2 ff
 .rodata.s_flexcommResets
                0x00024ffc       0x24 ./drivers/fsl_flexcomm.o
 .rodata.FLEXCOMM_GetInstance.str1.4
                0x00025020       0x42 ./drivers/fsl_flexcomm.o
 *fill*         0x00025062        0x2 ff
 .rodata.FLEXCOMM0_DriverIRQHandler.str1.4
                0x00025064       0x3c ./drivers/fsl_flexcomm.o
 .rodata.FLEXCOMM1_DriverIRQHandler.str1.4
                0x000250a0       0x3c ./drivers/fsl_flexcomm.o
 .rodata.FLEXCOMM2_DriverIRQHandler.str1.4
                0x000250dc       0x3c ./drivers/fsl_flexcomm.o
 .rodata.FLEXCOMM3_DriverIRQHandler.str1.4
                0x00025118       0x3c ./drivers/fsl_flexcomm.o
 .rodata.FLEXCOMM4_DriverIRQHandler.str1.4
                0x00025154       0x3c ./drivers/fsl_flexcomm.o
 .rodata.FLEXCOMM5_DriverIRQHandler.str1.4
                0x00025190       0x3c ./drivers/fsl_flexcomm.o
 .rodata.FLEXCOMM6_DriverIRQHandler.str1.4
                0x000251cc       0x3c ./drivers/fsl_flexcomm.o
 .rodata.FLEXCOMM7_DriverIRQHandler.str1.4
                0x00025208       0x3c ./drivers/fsl_flexcomm.o
 .rodata.FLEXCOMM8_DriverIRQHandler.str1.4
                0x00025244       0x3c ./drivers/fsl_flexcomm.o
 .rodata.s_gpioClockName
                0x00025280        0x8 ./drivers/fsl_gpio.o
 .rodata.GPIO_EnablePortClock.str1.4
                0x00025288       0x33 ./drivers/fsl_gpio.o
 *fill*         0x000252bb        0x1 ff
 .rodata.I2C_MasterSetTimeoutValue.str1.4
                0x000252bc       0x3a ./drivers/fsl_i2c.o
 *fill*         0x000252f6        0x2 ff
 .rodata.I2C_MasterWriteBlocking.str1.4
                0x000252f8       0x1f ./drivers/fsl_i2c.o
 *fill*         0x00025317        0x1 ff
 .rodata.I2C_MasterReadBlocking.str1.4
                0x00025318       0x1f ./drivers/fsl_i2c.o
 *fill*         0x00025337        0x1 ff
 .rodata.PINT_Init.str1.4
                0x00025338       0x1d ./drivers/fsl_pint.o
 *fill*         0x00025355        0x3 ff
 .rodata.PINT_PinInterruptConfig.str1.4
                0x00025358       0x1e ./drivers/fsl_pint.o
 *fill*         0x00025376        0x2 ff
 .rodata.RESET_SetPeripheralReset.str1.4
                0x00025378       0x1e ./drivers/fsl_reset.o
 *fill*         0x00025396        0x2 ff
 .rodata.RESET_ClearPeripheralReset.str1.4
                0x00025398       0x1e ./drivers/fsl_reset.o
 *fill*         0x000253b6        0x2 ff
 .rodata.SPI_SetTransferDelay.str1.4
                0x000253b8       0x3f ./drivers/fsl_spi.o
 *fill*         0x000253f7        0x1 ff
 .rodata.s_spiBaseAddrs